COMMAND=python -m runtime.production_startup
STARTED_AT=2026-07-28T04:24:54Z
2026-07-28 04:24:57,782 INFO ENVIRONMENT_OBSERVATION {"digest":null,"observation_uuid":null,"reason":"UNREADABLE_OR_MALFORMED_PUBLICATION","sequence_id":null,"source":"C:\\Users\\rp_fu\\AppData\\Roaming\\MetaQuotes\\Terminal\\Common\\Files\\RP_AI_EA\\shared\\XAUUSD\\market_state.json","status":"REJECTED","timestamp":"2026-07-28T04:24:57.781919Z"}
2026-07-28 04:24:57,833 INFO ENVIRONMENT_OBSERVATION {"digest":null,"observation_uuid":null,"reason":"UNREADABLE_OR_MALFORMED_PUBLICATION","sequence_id":null,"source":"C:\\Users\\rp_fu\\AppData\\Roaming\\MetaQuotes\\Terminal\\Common\\Files\\RP_AI_EA\\shared\\XAUUSD\\market_state.json","status":"REJECTED","timestamp":"2026-07-28T04:24:57.833039Z"}
2026-07-28 04:24:57,884 INFO ENVIRONMENT_OBSERVATION {"digest":null,"observation_uuid":null,"reason":"UNREADABLE_OR_MALFORMED_PUBLICATION","sequence_id":null,"source":"C:\\Users\\rp_fu\\AppData\\Roaming\\MetaQuotes\\Terminal\\Common\\Files\\RP_AI_EA\\shared\\XAUUSD\\market_state.json","status":"REJECTED","timestamp":"2026-07-28T04:24:57.883857Z"}
2026-07-28 04:24:57,948 INFO ENVIRONMENT_OBSERVATION {"digest":null,"observation_uuid":null,"reason":"UNREADABLE_OR_MALFORMED_PUBLICATION","sequence_id":null,"source":"C:\\Users\\rp_fu\\AppData\\Roaming\\MetaQuotes\\Terminal\\Common\\Files\\RP_AI_EA\\shared\\XAUUSD\\market_state.json","status":"REJECTED","timestamp":"2026-07-28T04:24:57.947999Z"}
2026-07-28 04:24:57,999 INFO ENVIRONMENT_OBSERVATION {"digest":null,"observation_uuid":null,"reason":"UNREADABLE_OR_MALFORMED_PUBLICATION","sequence_id":null,"source":"C:\\Users\\rp_fu\\AppData\\Roaming\\MetaQuotes\\Terminal\\Common\\Files\\RP_AI_EA\\shared\\XAUUSD\\market_state.json","status":"REJECTED","timestamp":"2026-07-28T04:24:57.998846Z"}
2026-07-28 04:24:58,050 INFO ENVIRONMENT_OBSERVATION {"digest":null,"observation_uuid":null,"reason":"UNREADABLE_OR_MALFORMED_PUBLICATION","sequence_id":null,"source":"C:\\Users\\rp_fu\\AppData\\Roaming\\MetaQuotes\\Terminal\\Common\\Files\\RP_AI_EA\\shared\\XAUUSD\\market_state.json","status":"REJECTED","timestamp":"2026-07-28T04:24:58.050081Z"}
2026-07-28 04:24:58,100 INFO ENVIRONMENT_OBSERVATION {"digest":null,"observation_uuid":null,"reason":"UNREADABLE_OR_MALFORMED_PUBLICATION","sequence_id":null,"source":"C:\\Users\\rp_fu\\AppData\\Roaming\\MetaQuotes\\Terminal\\Common\\Files\\RP_AI_EA\\shared\\XAUUSD\\market_state.json","status":"REJECTED","timestamp":"2026-07-28T04:24:58.100798Z"}
2026-07-28 04:24:58,151 INFO ENVIRONMENT_OBSERVATION {"digest":null,"observation_uuid":null,"reason":"UNREADABLE_OR_MALFORMED_PUBLICATION","sequence_id":null,"source":"C:\\Users\\rp_fu\\AppData\\Roaming\\MetaQuotes\\Terminal\\Common\\Files\\RP_AI_EA\\shared\\XAUUSD\\market_state.json","status":"REJECTED","timestamp":"2026-07-28T04:24:58.151646Z"}
2026-07-28 04:24:58,202 INFO ENVIRONMENT_OBSERVATION {"digest":null,"observation_uuid":null,"reason":"UNREADABLE_OR_MALFORMED_PUBLICATION","sequence_id":null,"source":"C:\\Users\\rp_fu\\AppData\\Roaming\\MetaQuotes\\Terminal\\Common\\Files\\RP_AI_EA\\shared\\XAUUSD\\market_state.json","status":"REJECTED","timestamp":"2026-07-28T04:24:58.202372Z"}
2026-07-28 04:24:58,256 INFO ENVIRONMENT_OBSERVATION {"digest":null,"observation_uuid":null,"reason":"UNREADABLE_OR_MALFORMED_PUBLICATION","sequence_id":null,"source":"C:\\Users\\rp_fu\\AppData\\Roaming\\MetaQuotes\\Terminal\\Common\\Files\\RP_AI_EA\\shared\\XAUUSD\\market_state.json","status":"REJECTED","timestamp":"2026-07-28T04:24:58.256431Z"}
2026-07-28 04:24:58,307 INFO ENVIRONMENT_OBSERVATION {"digest":null,"observation_uuid":null,"reason":"UNREADABLE_OR_MALFORMED_PUBLICATION","sequence_id":null,"source":"C:\\Users\\rp_fu\\AppData\\Roaming\\MetaQuotes\\Terminal\\Common\\Files\\RP_AI_EA\\shared\\XAUUSD\\market_state.json","status":"REJECTED","timestamp":"2026-07-28T04:24:58.307241Z"}
2026-07-28 04:24:58,358 INFO ENVIRONMENT_OBSERVATION {"digest":null,"observation_uuid":null,"reason":"UNREADABLE_OR_MALFORMED_PUBLICATION","sequence_id":null,"source":"C:\\Users\\rp_fu\\AppData\\Roaming\\MetaQuotes\\Terminal\\Common\\Files\\RP_AI_EA\\shared\\XAUUSD\\market_state.json","status":"REJECTED","timestamp":"2026-07-28T04:24:58.358411Z"}
2026-07-28 04:24:58,409 INFO ENVIRONMENT_OBSERVATION {"digest":null,"observation_uuid":null,"reason":"UNREADABLE_OR_MALFORMED_PUBLICATION","sequence_id":null,"source":"C:\\Users\\rp_fu\\AppData\\Roaming\\MetaQuotes\\Terminal\\Common\\Files\\RP_AI_EA\\shared\\XAUUSD\\market_state.json","status":"REJECTED","timestamp":"2026-07-28T04:24:58.409290Z"}
2026-07-28 04:24:58,460 INFO ENVIRONMENT_OBSERVATION {"digest":null,"observation_uuid":null,"reason":"UNREADABLE_OR_MALFORMED_PUBLICATION","sequence_id":null,"source":"C:\\Users\\rp_fu\\AppData\\Roaming\\MetaQuotes\\Terminal\\Common\\Files\\RP_AI_EA\\shared\\XAUUSD\\market_state.json","status":"REJECTED","timestamp":"2026-07-28T04:24:58.460238Z"}
2026-07-28 04:24:58,511 INFO ENVIRONMENT_OBSERVATION {"digest":null,"observation_uuid":null,"reason":"UNREADABLE_OR_MALFORMED_PUBLICATION","sequence_id":null,"source":"C:\\Users\\rp_fu\\AppData\\Roaming\\MetaQuotes\\Terminal\\Common\\Files\\RP_AI_EA\\shared\\XAUUSD\\market_state.json","status":"REJECTED","timestamp":"2026-07-28T04:24:58.511140Z"}
2026-07-28 04:24:58,562 INFO ENVIRONMENT_OBSERVATION {"digest":null,"observation_uuid":null,"reason":"UNREADABLE_OR_MALFORMED_PUBLICATION","sequence_id":null,"source":"C:\\Users\\rp_fu\\AppData\\Roaming\\MetaQuotes\\Terminal\\Common\\Files\\RP_AI_EA\\shared\\XAUUSD\\market_state.json","status":"REJECTED","timestamp":"2026-07-28T04:24:58.562048Z"}
2026-07-28 04:24:58,613 INFO ENVIRONMENT_OBSERVATION {"digest":null,"observation_uuid":null,"reason":"UNREADABLE_OR_MALFORMED_PUBLICATION","sequence_id":null,"source":"C:\\Users\\rp_fu\\AppData\\Roaming\\MetaQuotes\\Terminal\\Common\\Files\\RP_AI_EA\\shared\\XAUUSD\\market_state.json","status":"REJECTED","timestamp":"2026-07-28T04:24:58.612840Z"}
2026-07-28 04:24:58,663 INFO ENVIRONMENT_OBSERVATION {"digest":null,"observation_uuid":null,"reason":"UNREADABLE_OR_MALFORMED_PUBLICATION","sequence_id":null,"source":"C:\\Users\\rp_fu\\AppData\\Roaming\\MetaQuotes\\Terminal\\Common\\Files\\RP_AI_EA\\shared\\XAUUSD\\market_state.json","status":"REJECTED","timestamp":"2026-07-28T04:24:58.663780Z"}
2026-07-28 04:24:58,716 INFO ENVIRONMENT_OBSERVATION {"digest":null,"observation_uuid":null,"reason":"UNREADABLE_OR_MALFORMED_PUBLICATION","sequence_id":null,"source":"C:\\Users\\rp_fu\\AppData\\Roaming\\MetaQuotes\\Terminal\\Common\\Files\\RP_AI_EA\\shared\\XAUUSD\\market_state.json","status":"REJECTED","timestamp":"2026-07-28T04:24:58.716380Z"}
2026-07-28 04:24:58,767 INFO ENVIRONMENT_OBSERVATION {"digest":null,"observation_uuid":null,"reason":"UNREADABLE_OR_MALFORMED_PUBLICATION","sequence_id":null,"source":"C:\\Users\\rp_fu\\AppData\\Roaming\\MetaQuotes\\Terminal\\Common\\Files\\RP_AI_EA\\shared\\XAUUSD\\market_state.json","status":"REJECTED","timestamp":"2026-07-28T04:24:58.767071Z"}
2026-07-28 04:24:58,818 INFO ENVIRONMENT_OBSERVATION {"digest":null,"observation_uuid":null,"reason":"UNREADABLE_OR_MALFORMED_PUBLICATION","sequence_id":null,"source":"C:\\Users\\rp_fu\\AppData\\Roaming\\MetaQuotes\\Terminal\\Common\\Files\\RP_AI_EA\\shared\\XAUUSD\\market_state.json","status":"REJECTED","timestamp":"2026-07-28T04:24:58.817890Z"}
2026-07-28 04:24:58,869 INFO ENVIRONMENT_OBSERVATION {"digest":null,"observation_uuid":null,"reason":"UNREADABLE_OR_MALFORMED_PUBLICATION","sequence_id":null,"source":"C:\\Users\\rp_fu\\AppData\\Roaming\\MetaQuotes\\Terminal\\Common\\Files\\RP_AI_EA\\shared\\XAUUSD\\market_state.json","status":"REJECTED","timestamp":"2026-07-28T04:24:58.868876Z"}
2026-07-28 04:24:58,920 INFO ENVIRONMENT_OBSERVATION {"digest":null,"observation_uuid":null,"reason":"UNREADABLE_OR_MALFORMED_PUBLICATION","sequence_id":null,"source":"C:\\Users\\rp_fu\\AppData\\Roaming\\MetaQuotes\\Terminal\\Common\\Files\\RP_AI_EA\\shared\\XAUUSD\\market_state.json","status":"REJECTED","timestamp":"2026-07-28T04:24:58.919760Z"}
2026-07-28 04:24:58,970 INFO ENVIRONMENT_OBSERVATION {"digest":null,"observation_uuid":null,"reason":"UNREADABLE_OR_MALFORMED_PUBLICATION","sequence_id":null,"source":"C:\\Users\\rp_fu\\AppData\\Roaming\\MetaQuotes\\Terminal\\Common\\Files\\RP_AI_EA\\shared\\XAUUSD\\market_state.json","status":"REJECTED","timestamp":"2026-07-28T04:24:58.970688Z"}
2026-07-28 04:24:59,021 INFO ENVIRONMENT_OBSERVATION {"digest":null,"observation_uuid":null,"reason":"UNREADABLE_OR_MALFORMED_PUBLICATION","sequence_id":null,"source":"C:\\Users\\rp_fu\\AppData\\Roaming\\MetaQuotes\\Terminal\\Common\\Files\\RP_AI_EA\\shared\\XAUUSD\\market_state.json","status":"REJECTED","timestamp":"2026-07-28T04:24:59.021574Z"}
2026-07-28 04:24:59,072 INFO ENVIRONMENT_OBSERVATION {"digest":null,"observation_uuid":null,"reason":"UNREADABLE_OR_MALFORMED_PUBLICATION","sequence_id":null,"source":"C:\\Users\\rp_fu\\AppData\\Roaming\\MetaQuotes\\Terminal\\Common\\Files\\RP_AI_EA\\shared\\XAUUSD\\market_state.json","status":"REJECTED","timestamp":"2026-07-28T04:24:59.072624Z"}
2026-07-28 04:24:59,123 INFO ENVIRONMENT_OBSERVATION {"digest":null,"observation_uuid":null,"reason":"UNREADABLE_OR_MALFORMED_PUBLICATION","sequence_id":null,"source":"C:\\Users\\rp_fu\\AppData\\Roaming\\MetaQuotes\\Terminal\\Common\\Files\\RP_AI_EA\\shared\\XAUUSD\\market_state.json","status":"REJECTED","timestamp":"2026-07-28T04:24:59.123491Z"}
2026-07-28 04:24:59,174 INFO ENVIRONMENT_OBSERVATION {"digest":null,"observation_uuid":null,"reason":"UNREADABLE_OR_MALFORMED_PUBLICATION","sequence_id":null,"source":"C:\\Users\\rp_fu\\AppData\\Roaming\\MetaQuotes\\Terminal\\Common\\Files\\RP_AI_EA\\shared\\XAUUSD\\market_state.json","status":"REJECTED","timestamp":"2026-07-28T04:24:59.174476Z"}
2026-07-28 04:24:59,225 INFO ENVIRONMENT_OBSERVATION {"digest":null,"observation_uuid":null,"reason":"UNREADABLE_OR_MALFORMED_PUBLICATION","sequence_id":null,"source":"C:\\Users\\rp_fu\\AppData\\Roaming\\MetaQuotes\\Terminal\\Common\\Files\\RP_AI_EA\\shared\\XAUUSD\\market_state.json","status":"REJECTED","timestamp":"2026-07-28T04:24:59.225298Z"}
2026-07-28 04:24:59,276 INFO ENVIRONMENT_OBSERVATION {"digest":null,"observation_uuid":null,"reason":"UNREADABLE_OR_MALFORMED_PUBLICATION","sequence_id":null,"source":"C:\\Users\\rp_fu\\AppData\\Roaming\\MetaQuotes\\Terminal\\Common\\Files\\RP_AI_EA\\shared\\XAUUSD\\market_state.json","status":"REJECTED","timestamp":"2026-07-28T04:24:59.276170Z"}
2026-07-28 04:24:59,327 INFO ENVIRONMENT_OBSERVATION {"digest":null,"observation_uuid":null,"reason":"UNREADABLE_OR_MALFORMED_PUBLICATION","sequence_id":null,"source":"C:\\Users\\rp_fu\\AppData\\Roaming\\MetaQuotes\\Terminal\\Common\\Files\\RP_AI_EA\\shared\\XAUUSD\\market_state.json","status":"REJECTED","timestamp":"2026-07-28T04:24:59.327071Z"}
2026-07-28 04:24:59,378 INFO ENVIRONMENT_OBSERVATION {"digest":null,"observation_uuid":null,"reason":"UNREADABLE_OR_MALFORMED_PUBLICATION","sequence_id":null,"source":"C:\\Users\\rp_fu\\AppData\\Roaming\\MetaQuotes\\Terminal\\Common\\Files\\RP_AI_EA\\shared\\XAUUSD\\market_state.json","status":"REJECTED","timestamp":"2026-07-28T04:24:59.377979Z"}
2026-07-28 04:24:59,429 INFO ENVIRONMENT_OBSERVATION {"digest":null,"observation_uuid":null,"reason":"UNREADABLE_OR_MALFORMED_PUBLICATION","sequence_id":null,"source":"C:\\Users\\rp_fu\\AppData\\Roaming\\MetaQuotes\\Terminal\\Common\\Files\\RP_AI_EA\\shared\\XAUUSD\\market_state.json","status":"REJECTED","timestamp":"2026-07-28T04:24:59.428945Z"}
2026-07-28 04:24:59,479 INFO ENVIRONMENT_OBSERVATION {"digest":null,"observation_uuid":null,"reason":"UNREADABLE_OR_MALFORMED_PUBLICATION","sequence_id":null,"source":"C:\\Users\\rp_fu\\AppData\\Roaming\\MetaQuotes\\Terminal\\Common\\Files\\RP_AI_EA\\shared\\XAUUSD\\market_state.json","status":"REJECTED","timestamp":"2026-07-28T04:24:59.479710Z"}
2026-07-28 04:24:59,530 INFO ENVIRONMENT_OBSERVATION {"digest":null,"observation_uuid":null,"reason":"UNREADABLE_OR_MALFORMED_PUBLICATION","sequence_id":null,"source":"C:\\Users\\rp_fu\\AppData\\Roaming\\MetaQuotes\\Terminal\\Common\\Files\\RP_AI_EA\\shared\\XAUUSD\\market_state.json","status":"REJECTED","timestamp":"2026-07-28T04:24:59.530415Z"}
2026-07-28 04:24:59,581 INFO ENVIRONMENT_OBSERVATION {"digest":null,"observation_uuid":null,"reason":"UNREADABLE_OR_MALFORMED_PUBLICATION","sequence_id":null,"source":"C:\\Users\\rp_fu\\AppData\\Roaming\\MetaQuotes\\Terminal\\Common\\Files\\RP_AI_EA\\shared\\XAUUSD\\market_state.json","status":"REJECTED","timestamp":"2026-07-28T04:24:59.581281Z"}
2026-07-28 04:24:59,632 INFO ENVIRONMENT_OBSERVATION {"digest":null,"observation_uuid":null,"reason":"UNREADABLE_OR_MALFORMED_PUBLICATION","sequence_id":null,"source":"C:\\Users\\rp_fu\\AppData\\Roaming\\MetaQuotes\\Terminal\\Common\\Files\\RP_AI_EA\\shared\\XAUUSD\\market_state.json","status":"REJECTED","timestamp":"2026-07-28T04:24:59.632212Z"}
2026-07-28 04:24:59,683 INFO ENVIRONMENT_OBSERVATION {"digest":null,"observation_uuid":null,"reason":"UNREADABLE_OR_MALFORMED_PUBLICATION","sequence_id":null,"source":"C:\\Users\\rp_fu\\AppData\\Roaming\\MetaQuotes\\Terminal\\Common\\Files\\RP_AI_EA\\shared\\XAUUSD\\market_state.json","status":"REJECTED","timestamp":"2026-07-28T04:24:59.683021Z"}
2026-07-28 04:24:59,734 INFO ENVIRONMENT_OBSERVATION {"digest":null,"observation_uuid":null,"reason":"UNREADABLE_OR_MALFORMED_PUBLICATION","sequence_id":null,"source":"C:\\Users\\rp_fu\\AppData\\Roaming\\MetaQuotes\\Terminal\\Common\\Files\\RP_AI_EA\\shared\\XAUUSD\\market_state.json","status":"REJECTED","timestamp":"2026-07-28T04:24:59.733862Z"}
2026-07-28 04:24:59,784 INFO ENVIRONMENT_OBSERVATION {"digest":null,"observation_uuid":null,"reason":"UNREADABLE_OR_MALFORMED_PUBLICATION","sequence_id":null,"source":"C:\\Users\\rp_fu\\AppData\\Roaming\\MetaQuotes\\Terminal\\Common\\Files\\RP_AI_EA\\shared\\XAUUSD\\market_state.json","status":"REJECTED","timestamp":"2026-07-28T04:24:59.784594Z"}
2026-07-28 04:24:59,835 INFO ENVIRONMENT_OBSERVATION {"digest":null,"observation_uuid":null,"reason":"UNREADABLE_OR_MALFORMED_PUBLICATION","sequence_id":null,"source":"C:\\Users\\rp_fu\\AppData\\Roaming\\MetaQuotes\\Terminal\\Common\\Files\\RP_AI_EA\\shared\\XAUUSD\\market_state.json","status":"REJECTED","timestamp":"2026-07-28T04:24:59.835295Z"}
2026-07-28 04:24:59,886 INFO ENVIRONMENT_OBSERVATION {"digest":null,"observation_uuid":null,"reason":"UNREADABLE_OR_MALFORMED_PUBLICATION","sequence_id":null,"source":"C:\\Users\\rp_fu\\AppData\\Roaming\\MetaQuotes\\Terminal\\Common\\Files\\RP_AI_EA\\shared\\XAUUSD\\market_state.json","status":"REJECTED","timestamp":"2026-07-28T04:24:59.886192Z"}
2026-07-28 04:24:59,937 INFO ENVIRONMENT_OBSERVATION {"digest":null,"observation_uuid":null,"reason":"UNREADABLE_OR_MALFORMED_PUBLICATION","sequence_id":null,"source":"C:\\Users\\rp_fu\\AppData\\Roaming\\MetaQuotes\\Terminal\\Common\\Files\\RP_AI_EA\\shared\\XAUUSD\\market_state.json","status":"REJECTED","timestamp":"2026-07-28T04:24:59.937009Z"}
2026-07-28 04:24:59,988 INFO ENVIRONMENT_OBSERVATION {"digest":null,"observation_uuid":null,"reason":"UNREADABLE_OR_MALFORMED_PUBLICATION","sequence_id":null,"source":"C:\\Users\\rp_fu\\AppData\\Roaming\\MetaQuotes\\Terminal\\Common\\Files\\RP_AI_EA\\shared\\XAUUSD\\market_state.json","status":"REJECTED","timestamp":"2026-07-28T04:24:59.987825Z"}
2026-07-28 04:25:00,038 INFO ENVIRONMENT_OBSERVATION {"digest":null,"observation_uuid":null,"reason":"UNREADABLE_OR_MALFORMED_PUBLICATION","sequence_id":null,"source":"C:\\Users\\rp_fu\\AppData\\Roaming\\MetaQuotes\\Terminal\\Common\\Files\\RP_AI_EA\\shared\\XAUUSD\\market_state.json","status":"REJECTED","timestamp":"2026-07-28T04:25:00.038558Z"}
2026-07-28 04:25:00,090 INFO ENVIRONMENT_OBSERVATION {"digest":null,"observation_uuid":null,"reason":"UNREADABLE_OR_MALFORMED_PUBLICATION","sequence_id":null,"source":"C:\\Users\\rp_fu\\AppData\\Roaming\\MetaQuotes\\Terminal\\Common\\Files\\RP_AI_EA\\shared\\XAUUSD\\market_state.json","status":"REJECTED","timestamp":"2026-07-28T04:25:00.089865Z"}
2026-07-28 04:25:00,140 INFO ENVIRONMENT_OBSERVATION {"digest":null,"observation_uuid":null,"reason":"UNREADABLE_OR_MALFORMED_PUBLICATION","sequence_id":null,"source":"C:\\Users\\rp_fu\\AppData\\Roaming\\MetaQuotes\\Terminal\\Common\\Files\\RP_AI_EA\\shared\\XAUUSD\\market_state.json","status":"REJECTED","timestamp":"2026-07-28T04:25:00.140624Z"}
2026-07-28 04:25:00,191 INFO ENVIRONMENT_OBSERVATION {"digest":null,"observation_uuid":null,"reason":"UNREADABLE_OR_MALFORMED_PUBLICATION","sequence_id":null,"source":"C:\\Users\\rp_fu\\AppData\\Roaming\\MetaQuotes\\Terminal\\Common\\Files\\RP_AI_EA\\shared\\XAUUSD\\market_state.json","status":"REJECTED","timestamp":"2026-07-28T04:25:00.191636Z"}
2026-07-28 04:25:00,243 INFO ENVIRONMENT_OBSERVATION {"digest":null,"observation_uuid":null,"reason":"UNREADABLE_OR_MALFORMED_PUBLICATION","sequence_id":null,"source":"C:\\Users\\rp_fu\\AppData\\Roaming\\MetaQuotes\\Terminal\\Common\\Files\\RP_AI_EA\\shared\\XAUUSD\\market_state.json","status":"REJECTED","timestamp":"2026-07-28T04:25:00.242908Z"}
2026-07-28 04:25:00,293 INFO ENVIRONMENT_OBSERVATION {"digest":null,"observation_uuid":null,"reason":"UNREADABLE_OR_MALFORMED_PUBLICATION","sequence_id":null,"source":"C:\\Users\\rp_fu\\AppData\\Roaming\\MetaQuotes\\Terminal\\Common\\Files\\RP_AI_EA\\shared\\XAUUSD\\market_state.json","status":"REJECTED","timestamp":"2026-07-28T04:25:00.293715Z"}
2026-07-28 04:25:00,344 INFO ENVIRONMENT_OBSERVATION {"digest":null,"observation_uuid":null,"reason":"UNREADABLE_OR_MALFORMED_PUBLICATION","sequence_id":null,"source":"C:\\Users\\rp_fu\\AppData\\Roaming\\MetaQuotes\\Terminal\\Common\\Files\\RP_AI_EA\\shared\\XAUUSD\\market_state.json","status":"REJECTED","timestamp":"2026-07-28T04:25:00.344586Z"}
2026-07-28 04:25:00,395 INFO ENVIRONMENT_OBSERVATION {"digest":null,"observation_uuid":null,"reason":"UNREADABLE_OR_MALFORMED_PUBLICATION","sequence_id":null,"source":"C:\\Users\\rp_fu\\AppData\\Roaming\\MetaQuotes\\Terminal\\Common\\Files\\RP_AI_EA\\shared\\XAUUSD\\market_state.json","status":"REJECTED","timestamp":"2026-07-28T04:25:00.395502Z"}
2026-07-28 04:25:00,446 INFO ENVIRONMENT_OBSERVATION {"digest":null,"observation_uuid":null,"reason":"UNREADABLE_OR_MALFORMED_PUBLICATION","sequence_id":null,"source":"C:\\Users\\rp_fu\\AppData\\Roaming\\MetaQuotes\\Terminal\\Common\\Files\\RP_AI_EA\\shared\\XAUUSD\\market_state.json","status":"REJECTED","timestamp":"2026-07-28T04:25:00.446430Z"}
2026-07-28 04:25:00,497 INFO ENVIRONMENT_OBSERVATION {"digest":null,"observation_uuid":null,"reason":"UNREADABLE_OR_MALFORMED_PUBLICATION","sequence_id":null,"source":"C:\\Users\\rp_fu\\AppData\\Roaming\\MetaQuotes\\Terminal\\Common\\Files\\RP_AI_EA\\shared\\XAUUSD\\market_state.json","status":"REJECTED","timestamp":"2026-07-28T04:25:00.497241Z"}
2026-07-28 04:25:00,548 INFO ENVIRONMENT_OBSERVATION {"digest":null,"observation_uuid":null,"reason":"UNREADABLE_OR_MALFORMED_PUBLICATION","sequence_id":null,"source":"C:\\Users\\rp_fu\\AppData\\Roaming\\MetaQuotes\\Terminal\\Common\\Files\\RP_AI_EA\\shared\\XAUUSD\\market_state.json","status":"REJECTED","timestamp":"2026-07-28T04:25:00.548210Z"}
2026-07-28 04:25:00,599 INFO ENVIRONMENT_OBSERVATION {"digest":null,"observation_uuid":null,"reason":"UNREADABLE_OR_MALFORMED_PUBLICATION","sequence_id":null,"source":"C:\\Users\\rp_fu\\AppData\\Roaming\\MetaQuotes\\Terminal\\Common\\Files\\RP_AI_EA\\shared\\XAUUSD\\market_state.json","status":"REJECTED","timestamp":"2026-07-28T04:25:00.598957Z"}
2026-07-28 04:25:00,650 INFO ENVIRONMENT_OBSERVATION {"digest":null,"observation_uuid":null,"reason":"UNREADABLE_OR_MALFORMED_PUBLICATION","sequence_id":null,"source":"C:\\Users\\rp_fu\\AppData\\Roaming\\MetaQuotes\\Terminal\\Common\\Files\\RP_AI_EA\\shared\\XAUUSD\\market_state.json","status":"REJECTED","timestamp":"2026-07-28T04:25:00.649907Z"}
2026-07-28 04:25:00,701 INFO ENVIRONMENT_OBSERVATION {"digest":null,"observation_uuid":null,"reason":"UNREADABLE_OR_MALFORMED_PUBLICATION","sequence_id":null,"source":"C:\\Users\\rp_fu\\AppData\\Roaming\\MetaQuotes\\Terminal\\Common\\Files\\RP_AI_EA\\shared\\XAUUSD\\market_state.json","status":"REJECTED","timestamp":"2026-07-28T04:25:00.700993Z"}
2026-07-28 04:25:00,752 INFO ENVIRONMENT_OBSERVATION {"digest":null,"observation_uuid":null,"reason":"UNREADABLE_OR_MALFORMED_PUBLICATION","sequence_id":null,"source":"C:\\Users\\rp_fu\\AppData\\Roaming\\MetaQuotes\\Terminal\\Common\\Files\\RP_AI_EA\\shared\\XAUUSD\\market_state.json","status":"REJECTED","timestamp":"2026-07-28T04:25:00.752639Z"}
2026-07-28 04:25:00,803 INFO ENVIRONMENT_OBSERVATION {"digest":null,"observation_uuid":null,"reason":"UNREADABLE_OR_MALFORMED_PUBLICATION","sequence_id":null,"source":"C:\\Users\\rp_fu\\AppData\\Roaming\\MetaQuotes\\Terminal\\Common\\Files\\RP_AI_EA\\shared\\XAUUSD\\market_state.json","status":"REJECTED","timestamp":"2026-07-28T04:25:00.803551Z"}
2026-07-28 04:25:00,854 INFO ENVIRONMENT_OBSERVATION {"digest":null,"observation_uuid":null,"reason":"UNREADABLE_OR_MALFORMED_PUBLICATION","sequence_id":null,"source":"C:\\Users\\rp_fu\\AppData\\Roaming\\MetaQuotes\\Terminal\\Common\\Files\\RP_AI_EA\\shared\\XAUUSD\\market_state.json","status":"REJECTED","timestamp":"2026-07-28T04:25:00.854367Z"}
2026-07-28 04:25:00,905 INFO ENVIRONMENT_OBSERVATION {"digest":null,"observation_uuid":null,"reason":"UNREADABLE_OR_MALFORMED_PUBLICATION","sequence_id":null,"source":"C:\\Users\\rp_fu\\AppData\\Roaming\\MetaQuotes\\Terminal\\Common\\Files\\RP_AI_EA\\shared\\XAUUSD\\market_state.json","status":"REJECTED","timestamp":"2026-07-28T04:25:00.905311Z"}
2026-07-28 04:25:00,956 INFO ENVIRONMENT_OBSERVATION {"digest":null,"observation_uuid":null,"reason":"UNREADABLE_OR_MALFORMED_PUBLICATION","sequence_id":null,"source":"C:\\Users\\rp_fu\\AppData\\Roaming\\MetaQuotes\\Terminal\\Common\\Files\\RP_AI_EA\\shared\\XAUUSD\\market_state.json","status":"REJECTED","timestamp":"2026-07-28T04:25:00.956212Z"}
2026-07-28 04:25:01,007 INFO ENVIRONMENT_OBSERVATION {"digest":null,"observation_uuid":null,"reason":"UNREADABLE_OR_MALFORMED_PUBLICATION","sequence_id":null,"source":"C:\\Users\\rp_fu\\AppData\\Roaming\\MetaQuotes\\Terminal\\Common\\Files\\RP_AI_EA\\shared\\XAUUSD\\market_state.json","status":"REJECTED","timestamp":"2026-07-28T04:25:01.007112Z"}
2026-07-28 04:25:01,058 INFO ENVIRONMENT_OBSERVATION {"digest":null,"observation_uuid":null,"reason":"UNREADABLE_OR_MALFORMED_PUBLICATION","sequence_id":null,"source":"C:\\Users\\rp_fu\\AppData\\Roaming\\MetaQuotes\\Terminal\\Common\\Files\\RP_AI_EA\\shared\\XAUUSD\\market_state.json","status":"REJECTED","timestamp":"2026-07-28T04:25:01.058357Z"}
2026-07-28 04:25:01,109 INFO ENVIRONMENT_OBSERVATION {"digest":null,"observation_uuid":null,"reason":"UNREADABLE_OR_MALFORMED_PUBLICATION","sequence_id":null,"source":"C:\\Users\\rp_fu\\AppData\\Roaming\\MetaQuotes\\Terminal\\Common\\Files\\RP_AI_EA\\shared\\XAUUSD\\market_state.json","status":"REJECTED","timestamp":"2026-07-28T04:25:01.109281Z"}
2026-07-28 04:25:01,160 INFO ENVIRONMENT_OBSERVATION {"digest":null,"observation_uuid":null,"reason":"UNREADABLE_OR_MALFORMED_PUBLICATION","sequence_id":null,"source":"C:\\Users\\rp_fu\\AppData\\Roaming\\MetaQuotes\\Terminal\\Common\\Files\\RP_AI_EA\\shared\\XAUUSD\\market_state.json","status":"REJECTED","timestamp":"2026-07-28T04:25:01.160552Z"}
2026-07-28 04:25:01,212 INFO ENVIRONMENT_OBSERVATION {"digest":null,"observation_uuid":null,"reason":"UNREADABLE_OR_MALFORMED_PUBLICATION","sequence_id":null,"source":"C:\\Users\\rp_fu\\AppData\\Roaming\\MetaQuotes\\Terminal\\Common\\Files\\RP_AI_EA\\shared\\XAUUSD\\market_state.json","status":"REJECTED","timestamp":"2026-07-28T04:25:01.212526Z"}
2026-07-28 04:25:01,263 INFO ENVIRONMENT_OBSERVATION {"digest":null,"observation_uuid":null,"reason":"UNREADABLE_OR_MALFORMED_PUBLICATION","sequence_id":null,"source":"C:\\Users\\rp_fu\\AppData\\Roaming\\MetaQuotes\\Terminal\\Common\\Files\\RP_AI_EA\\shared\\XAUUSD\\market_state.json","status":"REJECTED","timestamp":"2026-07-28T04:25:01.263404Z"}
2026-07-28 04:25:01,314 INFO ENVIRONMENT_OBSERVATION {"digest":null,"observation_uuid":null,"reason":"UNREADABLE_OR_MALFORMED_PUBLICATION","sequence_id":null,"source":"C:\\Users\\rp_fu\\AppData\\Roaming\\MetaQuotes\\Terminal\\Common\\Files\\RP_AI_EA\\shared\\XAUUSD\\market_state.json","status":"REJECTED","timestamp":"2026-07-28T04:25:01.314174Z"}
2026-07-28 04:25:01,365 INFO ENVIRONMENT_OBSERVATION {"digest":null,"observation_uuid":null,"reason":"UNREADABLE_OR_MALFORMED_PUBLICATION","sequence_id":null,"source":"C:\\Users\\rp_fu\\AppData\\Roaming\\MetaQuotes\\Terminal\\Common\\Files\\RP_AI_EA\\shared\\XAUUSD\\market_state.json","status":"REJECTED","timestamp":"2026-07-28T04:25:01.365283Z"}
2026-07-28 04:25:01,416 INFO ENVIRONMENT_OBSERVATION {"digest":null,"observation_uuid":null,"reason":"UNREADABLE_OR_MALFORMED_PUBLICATION","sequence_id":null,"source":"C:\\Users\\rp_fu\\AppData\\Roaming\\MetaQuotes\\Terminal\\Common\\Files\\RP_AI_EA\\shared\\XAUUSD\\market_state.json","status":"REJECTED","timestamp":"2026-07-28T04:25:01.416398Z"}
2026-07-28 04:25:01,467 INFO ENVIRONMENT_OBSERVATION {"digest":null,"observation_uuid":null,"reason":"UNREADABLE_OR_MALFORMED_PUBLICATION","sequence_id":null,"source":"C:\\Users\\rp_fu\\AppData\\Roaming\\MetaQuotes\\Terminal\\Common\\Files\\RP_AI_EA\\shared\\XAUUSD\\market_state.json","status":"REJECTED","timestamp":"2026-07-28T04:25:01.467662Z"}
2026-07-28 04:25:01,518 INFO ENVIRONMENT_OBSERVATION {"digest":null,"observation_uuid":null,"reason":"UNREADABLE_OR_MALFORMED_PUBLICATION","sequence_id":null,"source":"C:\\Users\\rp_fu\\AppData\\Roaming\\MetaQuotes\\Terminal\\Common\\Files\\RP_AI_EA\\shared\\XAUUSD\\market_state.json","status":"REJECTED","timestamp":"2026-07-28T04:25:01.518452Z"}
2026-07-28 04:25:01,569 INFO ENVIRONMENT_OBSERVATION {"digest":null,"observation_uuid":null,"reason":"UNREADABLE_OR_MALFORMED_PUBLICATION","sequence_id":null,"source":"C:\\Users\\rp_fu\\AppData\\Roaming\\MetaQuotes\\Terminal\\Common\\Files\\RP_AI_EA\\shared\\XAUUSD\\market_state.json","status":"REJECTED","timestamp":"2026-07-28T04:25:01.569191Z"}
2026-07-28 04:25:01,620 INFO ENVIRONMENT_OBSERVATION {"digest":null,"observation_uuid":null,"reason":"UNREADABLE_OR_MALFORMED_PUBLICATION","sequence_id":null,"source":"C:\\Users\\rp_fu\\AppData\\Roaming\\MetaQuotes\\Terminal\\Common\\Files\\RP_AI_EA\\shared\\XAUUSD\\market_state.json","status":"REJECTED","timestamp":"2026-07-28T04:25:01.620070Z"}
2026-07-28 04:25:01,671 INFO ENVIRONMENT_OBSERVATION {"digest":null,"observation_uuid":null,"reason":"UNREADABLE_OR_MALFORMED_PUBLICATION","sequence_id":null,"source":"C:\\Users\\rp_fu\\AppData\\Roaming\\MetaQuotes\\Terminal\\Common\\Files\\RP_AI_EA\\shared\\XAUUSD\\market_state.json","status":"REJECTED","timestamp":"2026-07-28T04:25:01.670913Z"}
2026-07-28 04:25:01,722 INFO ENVIRONMENT_OBSERVATION {"digest":null,"observation_uuid":null,"reason":"UNREADABLE_OR_MALFORMED_PUBLICATION","sequence_id":null,"source":"C:\\Users\\rp_fu\\AppData\\Roaming\\MetaQuotes\\Terminal\\Common\\Files\\RP_AI_EA\\shared\\XAUUSD\\market_state.json","status":"REJECTED","timestamp":"2026-07-28T04:25:01.721910Z"}
2026-07-28 04:25:01,772 INFO ENVIRONMENT_OBSERVATION {"digest":null,"observation_uuid":null,"reason":"UNREADABLE_OR_MALFORMED_PUBLICATION","sequence_id":null,"source":"C:\\Users\\rp_fu\\AppData\\Roaming\\MetaQuotes\\Terminal\\Common\\Files\\RP_AI_EA\\shared\\XAUUSD\\market_state.json","status":"REJECTED","timestamp":"2026-07-28T04:25:01.772677Z"}
2026-07-28 04:25:01,823 INFO ENVIRONMENT_OBSERVATION {"digest":null,"observation_uuid":null,"reason":"UNREADABLE_OR_MALFORMED_PUBLICATION","sequence_id":null,"source":"C:\\Users\\rp_fu\\AppData\\Roaming\\MetaQuotes\\Terminal\\Common\\Files\\RP_AI_EA\\shared\\XAUUSD\\market_state.json","status":"REJECTED","timestamp":"2026-07-28T04:25:01.823514Z"}
2026-07-28 04:25:01,874 INFO ENVIRONMENT_OBSERVATION {"digest":null,"observation_uuid":null,"reason":"UNREADABLE_OR_MALFORMED_PUBLICATION","sequence_id":null,"source":"C:\\Users\\rp_fu\\AppData\\Roaming\\MetaQuotes\\Terminal\\Common\\Files\\RP_AI_EA\\shared\\XAUUSD\\market_state.json","status":"REJECTED","timestamp":"2026-07-28T04:25:01.874279Z"}
2026-07-28 04:25:01,925 INFO ENVIRONMENT_OBSERVATION {"digest":null,"observation_uuid":null,"reason":"UNREADABLE_OR_MALFORMED_PUBLICATION","sequence_id":null,"source":"C:\\Users\\rp_fu\\AppData\\Roaming\\MetaQuotes\\Terminal\\Common\\Files\\RP_AI_EA\\shared\\XAUUSD\\market_state.json","status":"REJECTED","timestamp":"2026-07-28T04:25:01.925034Z"}
2026-07-28 04:25:01,976 INFO ENVIRONMENT_OBSERVATION {"digest":null,"observation_uuid":null,"reason":"UNREADABLE_OR_MALFORMED_PUBLICATION","sequence_id":null,"source":"C:\\Users\\rp_fu\\AppData\\Roaming\\MetaQuotes\\Terminal\\Common\\Files\\RP_AI_EA\\shared\\XAUUSD\\market_state.json","status":"REJECTED","timestamp":"2026-07-28T04:25:01.975955Z"}
2026-07-28 04:25:02,026 INFO ENVIRONMENT_OBSERVATION {"digest":null,"observation_uuid":null,"reason":"UNREADABLE_OR_MALFORMED_PUBLICATION","sequence_id":null,"source":"C:\\Users\\rp_fu\\AppData\\Roaming\\MetaQuotes\\Terminal\\Common\\Files\\RP_AI_EA\\shared\\XAUUSD\\market_state.json","status":"REJECTED","timestamp":"2026-07-28T04:25:02.026758Z"}
2026-07-28 04:25:02,077 INFO ENVIRONMENT_OBSERVATION {"digest":null,"observation_uuid":null,"reason":"UNREADABLE_OR_MALFORMED_PUBLICATION","sequence_id":null,"source":"C:\\Users\\rp_fu\\AppData\\Roaming\\MetaQuotes\\Terminal\\Common\\Files\\RP_AI_EA\\shared\\XAUUSD\\market_state.json","status":"REJECTED","timestamp":"2026-07-28T04:25:02.077431Z"}
2026-07-28 04:25:02,128 INFO ENVIRONMENT_OBSERVATION {"digest":null,"observation_uuid":null,"reason":"UNREADABLE_OR_MALFORMED_PUBLICATION","sequence_id":null,"source":"C:\\Users\\rp_fu\\AppData\\Roaming\\MetaQuotes\\Terminal\\Common\\Files\\RP_AI_EA\\shared\\XAUUSD\\market_state.json","status":"REJECTED","timestamp":"2026-07-28T04:25:02.128441Z"}
2026-07-28 04:25:02,179 INFO ENVIRONMENT_OBSERVATION {"digest":null,"observation_uuid":null,"reason":"UNREADABLE_OR_MALFORMED_PUBLICATION","sequence_id":null,"source":"C:\\Users\\rp_fu\\AppData\\Roaming\\MetaQuotes\\Terminal\\Common\\Files\\RP_AI_EA\\shared\\XAUUSD\\market_state.json","status":"REJECTED","timestamp":"2026-07-28T04:25:02.179222Z"}
2026-07-28 04:25:02,230 INFO ENVIRONMENT_OBSERVATION {"digest":null,"observation_uuid":null,"reason":"UNREADABLE_OR_MALFORMED_PUBLICATION","sequence_id":null,"source":"C:\\Users\\rp_fu\\AppData\\Roaming\\MetaQuotes\\Terminal\\Common\\Files\\RP_AI_EA\\shared\\XAUUSD\\market_state.json","status":"REJECTED","timestamp":"2026-07-28T04:25:02.230047Z"}
2026-07-28 04:25:02,281 INFO ENVIRONMENT_OBSERVATION {"digest":null,"observation_uuid":null,"reason":"UNREADABLE_OR_MALFORMED_PUBLICATION","sequence_id":null,"source":"C:\\Users\\rp_fu\\AppData\\Roaming\\MetaQuotes\\Terminal\\Common\\Files\\RP_AI_EA\\shared\\XAUUSD\\market_state.json","status":"REJECTED","timestamp":"2026-07-28T04:25:02.280815Z"}
2026-07-28 04:25:02,331 INFO ENVIRONMENT_OBSERVATION {"digest":null,"observation_uuid":null,"reason":"UNREADABLE_OR_MALFORMED_PUBLICATION","sequence_id":null,"source":"C:\\Users\\rp_fu\\AppData\\Roaming\\MetaQuotes\\Terminal\\Common\\Files\\RP_AI_EA\\shared\\XAUUSD\\market_state.json","status":"REJECTED","timestamp":"2026-07-28T04:25:02.331635Z"}
2026-07-28 04:25:02,382 INFO ENVIRONMENT_OBSERVATION {"digest":null,"observation_uuid":null,"reason":"UNREADABLE_OR_MALFORMED_PUBLICATION","sequence_id":null,"source":"C:\\Users\\rp_fu\\AppData\\Roaming\\MetaQuotes\\Terminal\\Common\\Files\\RP_AI_EA\\shared\\XAUUSD\\market_state.json","status":"REJECTED","timestamp":"2026-07-28T04:25:02.382519Z"}
2026-07-28 04:25:02,433 INFO ENVIRONMENT_OBSERVATION {"digest":null,"observation_uuid":null,"reason":"UNREADABLE_OR_MALFORMED_PUBLICATION","sequence_id":null,"source":"C:\\Users\\rp_fu\\AppData\\Roaming\\MetaQuotes\\Terminal\\Common\\Files\\RP_AI_EA\\shared\\XAUUSD\\market_state.json","status":"REJECTED","timestamp":"2026-07-28T04:25:02.433330Z"}
2026-07-28 04:25:02,484 INFO ENVIRONMENT_OBSERVATION {"digest":null,"observation_uuid":null,"reason":"UNREADABLE_OR_MALFORMED_PUBLICATION","sequence_id":null,"source":"C:\\Users\\rp_fu\\AppData\\Roaming\\MetaQuotes\\Terminal\\Common\\Files\\RP_AI_EA\\shared\\XAUUSD\\market_state.json","status":"REJECTED","timestamp":"2026-07-28T04:25:02.484241Z"}
2026-07-28 04:25:02,535 INFO ENVIRONMENT_OBSERVATION {"digest":null,"observation_uuid":null,"reason":"UNREADABLE_OR_MALFORMED_PUBLICATION","sequence_id":null,"source":"C:\\Users\\rp_fu\\AppData\\Roaming\\MetaQuotes\\Terminal\\Common\\Files\\RP_AI_EA\\shared\\XAUUSD\\market_state.json","status":"REJECTED","timestamp":"2026-07-28T04:25:02.534962Z"}
2026-07-28 04:25:02,586 INFO ENVIRONMENT_OBSERVATION {"digest":null,"observation_uuid":null,"reason":"UNREADABLE_OR_MALFORMED_PUBLICATION","sequence_id":null,"source":"C:\\Users\\rp_fu\\AppData\\Roaming\\MetaQuotes\\Terminal\\Common\\Files\\RP_AI_EA\\shared\\XAUUSD\\market_state.json","status":"REJECTED","timestamp":"2026-07-28T04:25:02.586035Z"}
2026-07-28 04:25:02,636 INFO ENVIRONMENT_OBSERVATION {"digest":null,"observation_uuid":null,"reason":"UNREADABLE_OR_MALFORMED_PUBLICATION","sequence_id":null,"source":"C:\\Users\\rp_fu\\AppData\\Roaming\\MetaQuotes\\Terminal\\Common\\Files\\RP_AI_EA\\shared\\XAUUSD\\market_state.json","status":"REJECTED","timestamp":"2026-07-28T04:25:02.636758Z"}
2026-07-28 04:25:02,687 INFO ENVIRONMENT_OBSERVATION {"digest":null,"observation_uuid":null,"reason":"UNREADABLE_OR_MALFORMED_PUBLICATION","sequence_id":null,"source":"C:\\Users\\rp_fu\\AppData\\Roaming\\MetaQuotes\\Terminal\\Common\\Files\\RP_AI_EA\\shared\\XAUUSD\\market_state.json","status":"REJECTED","timestamp":"2026-07-28T04:25:02.687584Z"}
2026-07-28 04:25:02,738 INFO ENVIRONMENT_OBSERVATION {"digest":null,"observation_uuid":null,"reason":"UNREADABLE_OR_MALFORMED_PUBLICATION","sequence_id":null,"source":"C:\\Users\\rp_fu\\AppData\\Roaming\\MetaQuotes\\Terminal\\Common\\Files\\RP_AI_EA\\shared\\XAUUSD\\market_state.json","status":"REJECTED","timestamp":"2026-07-28T04:25:02.738242Z"}
2026-07-28 04:25:02,782 INFO ENVIRONMENT_OBSERVATION {"digest":null,"observation_uuid":null,"reason":"UNREADABLE_OR_MALFORMED_PUBLICATION","sequence_id":null,"source":"C:\\Users\\rp_fu\\AppData\\Roaming\\MetaQuotes\\Terminal\\Common\\Files\\RP_AI_EA\\shared\\XAUUSD\\market_state.json","status":"REJECTED","timestamp":"2026-07-28T04:25:02.782206Z"}
2026-07-28 04:25:02,782 INFO ENVIRONMENT_OBSERVATION {"digest":null,"observation_uuid":null,"reason":"INSUFFICIENT_UNIQUE_ENVIRONMENT_OBSERVATIONS","sequence_id":null,"source":"C:\\Users\\rp_fu\\AppData\\Roaming\\MetaQuotes\\Terminal\\Common\\Files\\RP_AI_EA\\shared\\XAUUSD\\market_state.json","status":"REJECTED","timestamp":"2026-07-28T04:25:02.782568Z"}
Traceback (most recent call last):
  File "/workspace/rp-ai-ea/runtime/production_startup.py", line 272, in main
    ).collect()
      ~~~~~~~^^
  File "/workspace/rp-ai-ea/runtime/environment_observation.py", line 269, in collect
    raise EnvironmentObservationError("INSUFFICIENT_UNIQUE_ENVIRONMENT_OBSERVATIONS")
runtime.environment_observation.EnvironmentObservationError: INSUFFICIENT_UNIQUE_ENVIRONMENT_OBSERVATIONS

The above exception was the direct cause of the following exception:

Traceback (most recent call last):
  File "<frozen runpy>", line 198, in _run_module_as_main
  File "<frozen runpy>", line 88, in _run_code
  File "/workspace/rp-ai-ea/runtime/production_startup.py", line 290, in <module>
    main()
    ~~~~^^
  File "/workspace/rp-ai-ea/runtime/production_startup.py", line 274, in main
    raise ProductionStartupError(str(exc)) from exc
ProductionStartupError: INSUFFICIENT_UNIQUE_ENVIRONMENT_OBSERVATIONS
EXIT_CODE=1
FINISHED_AT=2026-07-28T04:25:02Z
