PR232 AUTHENTIC WRITER PUBLICATION OBSERVATION
OBSERVATION_STARTED_AT=2026-07-28T04:16:17Z
RP_AI_SHARED_ROOT=<UNSET>
WRITER_CONFIGURED_MODE=FILE_COMMON_DEFAULT
WRITER_PUBLICATION_PATH=C:\Users\rp_fu\AppData\Roaming\MetaQuotes\Terminal\Common\Files\RP_AI_EA\shared\XAUUSD\market_state.json
RUNTIME_READER_PATH=C:\Users\rp_fu\AppData\Roaming\MetaQuotes\Terminal\Common\Files\RP_AI_EA\shared\XAUUSD\market_state.json
FILE_DISCOVERY_RESULT=NO_MARKET_STATE_JSON_FOUND_UNDER_/workspace_/tmp_/mnt_/home_/root
ACCEPTED_PUBLICATIONS=0
REQUIRED_UNIQUE_PUBLICATIONS=3
HEARTBEAT_ADVANCES=NOT_OBSERVED
SEQUENCE_MONOTONICITY=NOT_OBSERVED
UNIQUE_DIGESTS=NOT_OBSERVED
CANONICAL_PRODUCER_IDENTITY=NOT_OBSERVED
FRESHNESS=NOT_OBSERVED
OBSERVATION_FINISHED_AT=2026-07-28T04:16:23Z
RESULT=AUTHENTIC_MT5_PUBLICATIONS_UNAVAILABLE
STATUS=GOVERNED_STOP

The complete per-attempt collector diagnostics are retained in
04_PRODUCTION_STARTUP.log. Every attempt was rejected as
UNREADABLE_OR_MALFORMED_PUBLICATION; the terminal reason was
INSUFFICIENT_UNIQUE_ENVIRONMENT_OBSERVATIONS.
