COMMAND=python -m runtime.production_startup
STARTED_AT=2026-07-28T04:16:17Z
2026-07-28 04:16:18,935 INFO ENVIRONMENT_OBSERVATION {"digest":null,"observation_uuid":null,"reason":"UNREADABLE_OR_MALFORMED_PUBLICATION","sequence_id":null,"source":"C:\\Users\\rp_fu\\AppData\\Roaming\\MetaQuotes\\Terminal\\Common\\Files\\RP_AI_EA\\shared\\XAUUSD\\market_state.json","status":"REJECTED","timestamp":"2026-07-28T04:16:18.935538Z"}
2026-07-28 04:16:18,986 INFO ENVIRONMENT_OBSERVATION {"digest":null,"observation_uuid":null,"reason":"UNREADABLE_OR_MALFORMED_PUBLICATION","sequence_id":null,"source":"C:\\Users\\rp_fu\\AppData\\Roaming\\MetaQuotes\\Terminal\\Common\\Files\\RP_AI_EA\\shared\\XAUUSD\\market_state.json","status":"REJECTED","timestamp":"2026-07-28T04:16:18.986249Z"}
2026-07-28 04:16:19,036 INFO ENVIRONMENT_OBSERVATION {"digest":null,"observation_uuid":null,"reason":"UNREADABLE_OR_MALFORMED_PUBLICATION","sequence_id":null,"source":"C:\\Users\\rp_fu\\AppData\\Roaming\\MetaQuotes\\Terminal\\Common\\Files\\RP_AI_EA\\shared\\XAUUSD\\market_state.json","status":"REJECTED","timestamp":"2026-07-28T04:16:19.036878Z"}
2026-07-28 04:16:19,087 INFO ENVIRONMENT_OBSERVATION {"digest":null,"observation_uuid":null,"reason":"UNREADABLE_OR_MALFORMED_PUBLICATION","sequence_id":null,"source":"C:\\Users\\rp_fu\\AppData\\Roaming\\MetaQuotes\\Terminal\\Common\\Files\\RP_AI_EA\\shared\\XAUUSD\\market_state.json","status":"REJECTED","timestamp":"2026-07-28T04:16:19.087464Z"}
2026-07-28 04:16:19,138 INFO ENVIRONMENT_OBSERVATION {"digest":null,"observation_uuid":null,"reason":"UNREADABLE_OR_MALFORMED_PUBLICATION","sequence_id":null,"source":"C:\\Users\\rp_fu\\AppData\\Roaming\\MetaQuotes\\Terminal\\Common\\Files\\RP_AI_EA\\shared\\XAUUSD\\market_state.json","status":"REJECTED","timestamp":"2026-07-28T04:16:19.138022Z"}
2026-07-28 04:16:19,188 INFO ENVIRONMENT_OBSERVATION {"digest":null,"observation_uuid":null,"reason":"UNREADABLE_OR_MALFORMED_PUBLICATION","sequence_id":null,"source":"C:\\Users\\rp_fu\\AppData\\Roaming\\MetaQuotes\\Terminal\\Common\\Files\\RP_AI_EA\\shared\\XAUUSD\\market_state.json","status":"REJECTED","timestamp":"2026-07-28T04:16:19.188601Z"}
2026-07-28 04:16:19,239 INFO ENVIRONMENT_OBSERVATION {"digest":null,"observation_uuid":null,"reason":"UNREADABLE_OR_MALFORMED_PUBLICATION","sequence_id":null,"source":"C:\\Users\\rp_fu\\AppData\\Roaming\\MetaQuotes\\Terminal\\Common\\Files\\RP_AI_EA\\shared\\XAUUSD\\market_state.json","status":"REJECTED","timestamp":"2026-07-28T04:16:19.239177Z"}
2026-07-28 04:16:19,289 INFO ENVIRONMENT_OBSERVATION {"digest":null,"observation_uuid":null,"reason":"UNREADABLE_OR_MALFORMED_PUBLICATION","sequence_id":null,"source":"C:\\Users\\rp_fu\\AppData\\Roaming\\MetaQuotes\\Terminal\\Common\\Files\\RP_AI_EA\\shared\\XAUUSD\\market_state.json","status":"REJECTED","timestamp":"2026-07-28T04:16:19.289788Z"}
2026-07-28 04:16:19,340 INFO ENVIRONMENT_OBSERVATION {"digest":null,"observation_uuid":null,"reason":"UNREADABLE_OR_MALFORMED_PUBLICATION","sequence_id":null,"source":"C:\\Users\\rp_fu\\AppData\\Roaming\\MetaQuotes\\Terminal\\Common\\Files\\RP_AI_EA\\shared\\XAUUSD\\market_state.json","status":"REJECTED","timestamp":"2026-07-28T04:16:19.340309Z"}
2026-07-28 04:16:19,390 INFO ENVIRONMENT_OBSERVATION {"digest":null,"observation_uuid":null,"reason":"UNREADABLE_OR_MALFORMED_PUBLICATION","sequence_id":null,"source":"C:\\Users\\rp_fu\\AppData\\Roaming\\MetaQuotes\\Terminal\\Common\\Files\\RP_AI_EA\\shared\\XAUUSD\\market_state.json","status":"REJECTED","timestamp":"2026-07-28T04:16:19.390843Z"}
2026-07-28 04:16:19,441 INFO ENVIRONMENT_OBSERVATION {"digest":null,"observation_uuid":null,"reason":"UNREADABLE_OR_MALFORMED_PUBLICATION","sequence_id":null,"source":"C:\\Users\\rp_fu\\AppData\\Roaming\\MetaQuotes\\Terminal\\Common\\Files\\RP_AI_EA\\shared\\XAUUSD\\market_state.json","status":"REJECTED","timestamp":"2026-07-28T04:16:19.441442Z"}
2026-07-28 04:16:19,492 INFO ENVIRONMENT_OBSERVATION {"digest":null,"observation_uuid":null,"reason":"UNREADABLE_OR_MALFORMED_PUBLICATION","sequence_id":null,"source":"C:\\Users\\rp_fu\\AppData\\Roaming\\MetaQuotes\\Terminal\\Common\\Files\\RP_AI_EA\\shared\\XAUUSD\\market_state.json","status":"REJECTED","timestamp":"2026-07-28T04:16:19.492125Z"}
2026-07-28 04:16:19,542 INFO ENVIRONMENT_OBSERVATION {"digest":null,"observation_uuid":null,"reason":"UNREADABLE_OR_MALFORMED_PUBLICATION","sequence_id":null,"source":"C:\\Users\\rp_fu\\AppData\\Roaming\\MetaQuotes\\Terminal\\Common\\Files\\RP_AI_EA\\shared\\XAUUSD\\market_state.json","status":"REJECTED","timestamp":"2026-07-28T04:16:19.542711Z"}
2026-07-28 04:16:19,593 INFO ENVIRONMENT_OBSERVATION {"digest":null,"observation_uuid":null,"reason":"UNREADABLE_OR_MALFORMED_PUBLICATION","sequence_id":null,"source":"C:\\Users\\rp_fu\\AppData\\Roaming\\MetaQuotes\\Terminal\\Common\\Files\\RP_AI_EA\\shared\\XAUUSD\\market_state.json","status":"REJECTED","timestamp":"2026-07-28T04:16:19.593237Z"}
2026-07-28 04:16:19,643 INFO ENVIRONMENT_OBSERVATION {"digest":null,"observation_uuid":null,"reason":"UNREADABLE_OR_MALFORMED_PUBLICATION","sequence_id":null,"source":"C:\\Users\\rp_fu\\AppData\\Roaming\\MetaQuotes\\Terminal\\Common\\Files\\RP_AI_EA\\shared\\XAUUSD\\market_state.json","status":"REJECTED","timestamp":"2026-07-28T04:16:19.643788Z"}
2026-07-28 04:16:19,694 INFO ENVIRONMENT_OBSERVATION {"digest":null,"observation_uuid":null,"reason":"UNREADABLE_OR_MALFORMED_PUBLICATION","sequence_id":null,"source":"C:\\Users\\rp_fu\\AppData\\Roaming\\MetaQuotes\\Terminal\\Common\\Files\\RP_AI_EA\\shared\\XAUUSD\\market_state.json","status":"REJECTED","timestamp":"2026-07-28T04:16:19.694455Z"}
2026-07-28 04:16:19,745 INFO ENVIRONMENT_OBSERVATION {"digest":null,"observation_uuid":null,"reason":"UNREADABLE_OR_MALFORMED_PUBLICATION","sequence_id":null,"source":"C:\\Users\\rp_fu\\AppData\\Roaming\\MetaQuotes\\Terminal\\Common\\Files\\RP_AI_EA\\shared\\XAUUSD\\market_state.json","status":"REJECTED","timestamp":"2026-07-28T04:16:19.745017Z"}
2026-07-28 04:16:19,795 INFO ENVIRONMENT_OBSERVATION {"digest":null,"observation_uuid":null,"reason":"UNREADABLE_OR_MALFORMED_PUBLICATION","sequence_id":null,"source":"C:\\Users\\rp_fu\\AppData\\Roaming\\MetaQuotes\\Terminal\\Common\\Files\\RP_AI_EA\\shared\\XAUUSD\\market_state.json","status":"REJECTED","timestamp":"2026-07-28T04:16:19.795524Z"}
2026-07-28 04:16:19,846 INFO ENVIRONMENT_OBSERVATION {"digest":null,"observation_uuid":null,"reason":"UNREADABLE_OR_MALFORMED_PUBLICATION","sequence_id":null,"source":"C:\\Users\\rp_fu\\AppData\\Roaming\\MetaQuotes\\Terminal\\Common\\Files\\RP_AI_EA\\shared\\XAUUSD\\market_state.json","status":"REJECTED","timestamp":"2026-07-28T04:16:19.846070Z"}
2026-07-28 04:16:19,896 INFO ENVIRONMENT_OBSERVATION {"digest":null,"observation_uuid":null,"reason":"UNREADABLE_OR_MALFORMED_PUBLICATION","sequence_id":null,"source":"C:\\Users\\rp_fu\\AppData\\Roaming\\MetaQuotes\\Terminal\\Common\\Files\\RP_AI_EA\\shared\\XAUUSD\\market_state.json","status":"REJECTED","timestamp":"2026-07-28T04:16:19.896599Z"}
2026-07-28 04:16:19,947 INFO ENVIRONMENT_OBSERVATION {"digest":null,"observation_uuid":null,"reason":"UNREADABLE_OR_MALFORMED_PUBLICATION","sequence_id":null,"source":"C:\\Users\\rp_fu\\AppData\\Roaming\\MetaQuotes\\Terminal\\Common\\Files\\RP_AI_EA\\shared\\XAUUSD\\market_state.json","status":"REJECTED","timestamp":"2026-07-28T04:16:19.947614Z"}
2026-07-28 04:16:19,998 INFO ENVIRONMENT_OBSERVATION {"digest":null,"observation_uuid":null,"reason":"UNREADABLE_OR_MALFORMED_PUBLICATION","sequence_id":null,"source":"C:\\Users\\rp_fu\\AppData\\Roaming\\MetaQuotes\\Terminal\\Common\\Files\\RP_AI_EA\\shared\\XAUUSD\\market_state.json","status":"REJECTED","timestamp":"2026-07-28T04:16:19.998126Z"}
2026-07-28 04:16:20,048 INFO ENVIRONMENT_OBSERVATION {"digest":null,"observation_uuid":null,"reason":"UNREADABLE_OR_MALFORMED_PUBLICATION","sequence_id":null,"source":"C:\\Users\\rp_fu\\AppData\\Roaming\\MetaQuotes\\Terminal\\Common\\Files\\RP_AI_EA\\shared\\XAUUSD\\market_state.json","status":"REJECTED","timestamp":"2026-07-28T04:16:20.048661Z"}
2026-07-28 04:16:20,099 INFO ENVIRONMENT_OBSERVATION {"digest":null,"observation_uuid":null,"reason":"UNREADABLE_OR_MALFORMED_PUBLICATION","sequence_id":null,"source":"C:\\Users\\rp_fu\\AppData\\Roaming\\MetaQuotes\\Terminal\\Common\\Files\\RP_AI_EA\\shared\\XAUUSD\\market_state.json","status":"REJECTED","timestamp":"2026-07-28T04:16:20.099180Z"}
2026-07-28 04:16:20,150 INFO ENVIRONMENT_OBSERVATION {"digest":null,"observation_uuid":null,"reason":"UNREADABLE_OR_MALFORMED_PUBLICATION","sequence_id":null,"source":"C:\\Users\\rp_fu\\AppData\\Roaming\\MetaQuotes\\Terminal\\Common\\Files\\RP_AI_EA\\shared\\XAUUSD\\market_state.json","status":"REJECTED","timestamp":"2026-07-28T04:16:20.149924Z"}
2026-07-28 04:16:20,200 INFO ENVIRONMENT_OBSERVATION {"digest":null,"observation_uuid":null,"reason":"UNREADABLE_OR_MALFORMED_PUBLICATION","sequence_id":null,"source":"C:\\Users\\rp_fu\\AppData\\Roaming\\MetaQuotes\\Terminal\\Common\\Files\\RP_AI_EA\\shared\\XAUUSD\\market_state.json","status":"REJECTED","timestamp":"2026-07-28T04:16:20.200477Z"}
2026-07-28 04:16:20,251 INFO ENVIRONMENT_OBSERVATION {"digest":null,"observation_uuid":null,"reason":"UNREADABLE_OR_MALFORMED_PUBLICATION","sequence_id":null,"source":"C:\\Users\\rp_fu\\AppData\\Roaming\\MetaQuotes\\Terminal\\Common\\Files\\RP_AI_EA\\shared\\XAUUSD\\market_state.json","status":"REJECTED","timestamp":"2026-07-28T04:16:20.251078Z"}
2026-07-28 04:16:20,301 INFO ENVIRONMENT_OBSERVATION {"digest":null,"observation_uuid":null,"reason":"UNREADABLE_OR_MALFORMED_PUBLICATION","sequence_id":null,"source":"C:\\Users\\rp_fu\\AppData\\Roaming\\MetaQuotes\\Terminal\\Common\\Files\\RP_AI_EA\\shared\\XAUUSD\\market_state.json","status":"REJECTED","timestamp":"2026-07-28T04:16:20.301684Z"}
2026-07-28 04:16:20,352 INFO ENVIRONMENT_OBSERVATION {"digest":null,"observation_uuid":null,"reason":"UNREADABLE_OR_MALFORMED_PUBLICATION","sequence_id":null,"source":"C:\\Users\\rp_fu\\AppData\\Roaming\\MetaQuotes\\Terminal\\Common\\Files\\RP_AI_EA\\shared\\XAUUSD\\market_state.json","status":"REJECTED","timestamp":"2026-07-28T04:16:20.352255Z"}
2026-07-28 04:16:20,402 INFO ENVIRONMENT_OBSERVATION {"digest":null,"observation_uuid":null,"reason":"UNREADABLE_OR_MALFORMED_PUBLICATION","sequence_id":null,"source":"C:\\Users\\rp_fu\\AppData\\Roaming\\MetaQuotes\\Terminal\\Common\\Files\\RP_AI_EA\\shared\\XAUUSD\\market_state.json","status":"REJECTED","timestamp":"2026-07-28T04:16:20.402799Z"}
2026-07-28 04:16:20,453 INFO ENVIRONMENT_OBSERVATION {"digest":null,"observation_uuid":null,"reason":"UNREADABLE_OR_MALFORMED_PUBLICATION","sequence_id":null,"source":"C:\\Users\\rp_fu\\AppData\\Roaming\\MetaQuotes\\Terminal\\Common\\Files\\RP_AI_EA\\shared\\XAUUSD\\market_state.json","status":"REJECTED","timestamp":"2026-07-28T04:16:20.453412Z"}
2026-07-28 04:16:20,504 INFO ENVIRONMENT_OBSERVATION {"digest":null,"observation_uuid":null,"reason":"UNREADABLE_OR_MALFORMED_PUBLICATION","sequence_id":null,"source":"C:\\Users\\rp_fu\\AppData\\Roaming\\MetaQuotes\\Terminal\\Common\\Files\\RP_AI_EA\\shared\\XAUUSD\\market_state.json","status":"REJECTED","timestamp":"2026-07-28T04:16:20.503999Z"}
2026-07-28 04:16:20,554 INFO ENVIRONMENT_OBSERVATION {"digest":null,"observation_uuid":null,"reason":"UNREADABLE_OR_MALFORMED_PUBLICATION","sequence_id":null,"source":"C:\\Users\\rp_fu\\AppData\\Roaming\\MetaQuotes\\Terminal\\Common\\Files\\RP_AI_EA\\shared\\XAUUSD\\market_state.json","status":"REJECTED","timestamp":"2026-07-28T04:16:20.554533Z"}
2026-07-28 04:16:20,605 INFO ENVIRONMENT_OBSERVATION {"digest":null,"observation_uuid":null,"reason":"UNREADABLE_OR_MALFORMED_PUBLICATION","sequence_id":null,"source":"C:\\Users\\rp_fu\\AppData\\Roaming\\MetaQuotes\\Terminal\\Common\\Files\\RP_AI_EA\\shared\\XAUUSD\\market_state.json","status":"REJECTED","timestamp":"2026-07-28T04:16:20.605083Z"}
2026-07-28 04:16:20,655 INFO ENVIRONMENT_OBSERVATION {"digest":null,"observation_uuid":null,"reason":"UNREADABLE_OR_MALFORMED_PUBLICATION","sequence_id":null,"source":"C:\\Users\\rp_fu\\AppData\\Roaming\\MetaQuotes\\Terminal\\Common\\Files\\RP_AI_EA\\shared\\XAUUSD\\market_state.json","status":"REJECTED","timestamp":"2026-07-28T04:16:20.655637Z"}
2026-07-28 04:16:20,706 INFO ENVIRONMENT_OBSERVATION {"digest":null,"observation_uuid":null,"reason":"UNREADABLE_OR_MALFORMED_PUBLICATION","sequence_id":null,"source":"C:\\Users\\rp_fu\\AppData\\Roaming\\MetaQuotes\\Terminal\\Common\\Files\\RP_AI_EA\\shared\\XAUUSD\\market_state.json","status":"REJECTED","timestamp":"2026-07-28T04:16:20.706252Z"}
2026-07-28 04:16:20,757 INFO ENVIRONMENT_OBSERVATION {"digest":null,"observation_uuid":null,"reason":"UNREADABLE_OR_MALFORMED_PUBLICATION","sequence_id":null,"source":"C:\\Users\\rp_fu\\AppData\\Roaming\\MetaQuotes\\Terminal\\Common\\Files\\RP_AI_EA\\shared\\XAUUSD\\market_state.json","status":"REJECTED","timestamp":"2026-07-28T04:16:20.757220Z"}
2026-07-28 04:16:20,808 INFO ENVIRONMENT_OBSERVATION {"digest":null,"observation_uuid":null,"reason":"UNREADABLE_OR_MALFORMED_PUBLICATION","sequence_id":null,"source":"C:\\Users\\rp_fu\\AppData\\Roaming\\MetaQuotes\\Terminal\\Common\\Files\\RP_AI_EA\\shared\\XAUUSD\\market_state.json","status":"REJECTED","timestamp":"2026-07-28T04:16:20.808869Z"}
2026-07-28 04:16:20,859 INFO ENVIRONMENT_OBSERVATION {"digest":null,"observation_uuid":null,"reason":"UNREADABLE_OR_MALFORMED_PUBLICATION","sequence_id":null,"source":"C:\\Users\\rp_fu\\AppData\\Roaming\\MetaQuotes\\Terminal\\Common\\Files\\RP_AI_EA\\shared\\XAUUSD\\market_state.json","status":"REJECTED","timestamp":"2026-07-28T04:16:20.859450Z"}
2026-07-28 04:16:20,910 INFO ENVIRONMENT_OBSERVATION {"digest":null,"observation_uuid":null,"reason":"UNREADABLE_OR_MALFORMED_PUBLICATION","sequence_id":null,"source":"C:\\Users\\rp_fu\\AppData\\Roaming\\MetaQuotes\\Terminal\\Common\\Files\\RP_AI_EA\\shared\\XAUUSD\\market_state.json","status":"REJECTED","timestamp":"2026-07-28T04:16:20.909967Z"}
2026-07-28 04:16:20,960 INFO ENVIRONMENT_OBSERVATION {"digest":null,"observation_uuid":null,"reason":"UNREADABLE_OR_MALFORMED_PUBLICATION","sequence_id":null,"source":"C:\\Users\\rp_fu\\AppData\\Roaming\\MetaQuotes\\Terminal\\Common\\Files\\RP_AI_EA\\shared\\XAUUSD\\market_state.json","status":"REJECTED","timestamp":"2026-07-28T04:16:20.960551Z"}
2026-07-28 04:16:21,011 INFO ENVIRONMENT_OBSERVATION {"digest":null,"observation_uuid":null,"reason":"UNREADABLE_OR_MALFORMED_PUBLICATION","sequence_id":null,"source":"C:\\Users\\rp_fu\\AppData\\Roaming\\MetaQuotes\\Terminal\\Common\\Files\\RP_AI_EA\\shared\\XAUUSD\\market_state.json","status":"REJECTED","timestamp":"2026-07-28T04:16:21.011241Z"}
2026-07-28 04:16:21,062 INFO ENVIRONMENT_OBSERVATION {"digest":null,"observation_uuid":null,"reason":"UNREADABLE_OR_MALFORMED_PUBLICATION","sequence_id":null,"source":"C:\\Users\\rp_fu\\AppData\\Roaming\\MetaQuotes\\Terminal\\Common\\Files\\RP_AI_EA\\shared\\XAUUSD\\market_state.json","status":"REJECTED","timestamp":"2026-07-28T04:16:21.062090Z"}
2026-07-28 04:16:21,112 INFO ENVIRONMENT_OBSERVATION {"digest":null,"observation_uuid":null,"reason":"UNREADABLE_OR_MALFORMED_PUBLICATION","sequence_id":null,"source":"C:\\Users\\rp_fu\\AppData\\Roaming\\MetaQuotes\\Terminal\\Common\\Files\\RP_AI_EA\\shared\\XAUUSD\\market_state.json","status":"REJECTED","timestamp":"2026-07-28T04:16:21.112601Z"}
2026-07-28 04:16:21,163 INFO ENVIRONMENT_OBSERVATION {"digest":null,"observation_uuid":null,"reason":"UNREADABLE_OR_MALFORMED_PUBLICATION","sequence_id":null,"source":"C:\\Users\\rp_fu\\AppData\\Roaming\\MetaQuotes\\Terminal\\Common\\Files\\RP_AI_EA\\shared\\XAUUSD\\market_state.json","status":"REJECTED","timestamp":"2026-07-28T04:16:21.163177Z"}
2026-07-28 04:16:21,214 INFO ENVIRONMENT_OBSERVATION {"digest":null,"observation_uuid":null,"reason":"UNREADABLE_OR_MALFORMED_PUBLICATION","sequence_id":null,"source":"C:\\Users\\rp_fu\\AppData\\Roaming\\MetaQuotes\\Terminal\\Common\\Files\\RP_AI_EA\\shared\\XAUUSD\\market_state.json","status":"REJECTED","timestamp":"2026-07-28T04:16:21.213923Z"}
2026-07-28 04:16:21,264 INFO ENVIRONMENT_OBSERVATION {"digest":null,"observation_uuid":null,"reason":"UNREADABLE_OR_MALFORMED_PUBLICATION","sequence_id":null,"source":"C:\\Users\\rp_fu\\AppData\\Roaming\\MetaQuotes\\Terminal\\Common\\Files\\RP_AI_EA\\shared\\XAUUSD\\market_state.json","status":"REJECTED","timestamp":"2026-07-28T04:16:21.264438Z"}
2026-07-28 04:16:21,315 INFO ENVIRONMENT_OBSERVATION {"digest":null,"observation_uuid":null,"reason":"UNREADABLE_OR_MALFORMED_PUBLICATION","sequence_id":null,"source":"C:\\Users\\rp_fu\\AppData\\Roaming\\MetaQuotes\\Terminal\\Common\\Files\\RP_AI_EA\\shared\\XAUUSD\\market_state.json","status":"REJECTED","timestamp":"2026-07-28T04:16:21.315106Z"}
2026-07-28 04:16:21,365 INFO ENVIRONMENT_OBSERVATION {"digest":null,"observation_uuid":null,"reason":"UNREADABLE_OR_MALFORMED_PUBLICATION","sequence_id":null,"source":"C:\\Users\\rp_fu\\AppData\\Roaming\\MetaQuotes\\Terminal\\Common\\Files\\RP_AI_EA\\shared\\XAUUSD\\market_state.json","status":"REJECTED","timestamp":"2026-07-28T04:16:21.365680Z"}
2026-07-28 04:16:21,416 INFO ENVIRONMENT_OBSERVATION {"digest":null,"observation_uuid":null,"reason":"UNREADABLE_OR_MALFORMED_PUBLICATION","sequence_id":null,"source":"C:\\Users\\rp_fu\\AppData\\Roaming\\MetaQuotes\\Terminal\\Common\\Files\\RP_AI_EA\\shared\\XAUUSD\\market_state.json","status":"REJECTED","timestamp":"2026-07-28T04:16:21.416203Z"}
2026-07-28 04:16:21,466 INFO ENVIRONMENT_OBSERVATION {"digest":null,"observation_uuid":null,"reason":"UNREADABLE_OR_MALFORMED_PUBLICATION","sequence_id":null,"source":"C:\\Users\\rp_fu\\AppData\\Roaming\\MetaQuotes\\Terminal\\Common\\Files\\RP_AI_EA\\shared\\XAUUSD\\market_state.json","status":"REJECTED","timestamp":"2026-07-28T04:16:21.466756Z"}
2026-07-28 04:16:21,517 INFO ENVIRONMENT_OBSERVATION {"digest":null,"observation_uuid":null,"reason":"UNREADABLE_OR_MALFORMED_PUBLICATION","sequence_id":null,"source":"C:\\Users\\rp_fu\\AppData\\Roaming\\MetaQuotes\\Terminal\\Common\\Files\\RP_AI_EA\\shared\\XAUUSD\\market_state.json","status":"REJECTED","timestamp":"2026-07-28T04:16:21.517267Z"}
2026-07-28 04:16:21,568 INFO ENVIRONMENT_OBSERVATION {"digest":null,"observation_uuid":null,"reason":"UNREADABLE_OR_MALFORMED_PUBLICATION","sequence_id":null,"source":"C:\\Users\\rp_fu\\AppData\\Roaming\\MetaQuotes\\Terminal\\Common\\Files\\RP_AI_EA\\shared\\XAUUSD\\market_state.json","status":"REJECTED","timestamp":"2026-07-28T04:16:21.567886Z"}
2026-07-28 04:16:21,618 INFO ENVIRONMENT_OBSERVATION {"digest":null,"observation_uuid":null,"reason":"UNREADABLE_OR_MALFORMED_PUBLICATION","sequence_id":null,"source":"C:\\Users\\rp_fu\\AppData\\Roaming\\MetaQuotes\\Terminal\\Common\\Files\\RP_AI_EA\\shared\\XAUUSD\\market_state.json","status":"REJECTED","timestamp":"2026-07-28T04:16:21.618388Z"}
2026-07-28 04:16:21,669 INFO ENVIRONMENT_OBSERVATION {"digest":null,"observation_uuid":null,"reason":"UNREADABLE_OR_MALFORMED_PUBLICATION","sequence_id":null,"source":"C:\\Users\\rp_fu\\AppData\\Roaming\\MetaQuotes\\Terminal\\Common\\Files\\RP_AI_EA\\shared\\XAUUSD\\market_state.json","status":"REJECTED","timestamp":"2026-07-28T04:16:21.668911Z"}
2026-07-28 04:16:21,719 INFO ENVIRONMENT_OBSERVATION {"digest":null,"observation_uuid":null,"reason":"UNREADABLE_OR_MALFORMED_PUBLICATION","sequence_id":null,"source":"C:\\Users\\rp_fu\\AppData\\Roaming\\MetaQuotes\\Terminal\\Common\\Files\\RP_AI_EA\\shared\\XAUUSD\\market_state.json","status":"REJECTED","timestamp":"2026-07-28T04:16:21.719498Z"}
2026-07-28 04:16:21,770 INFO ENVIRONMENT_OBSERVATION {"digest":null,"observation_uuid":null,"reason":"UNREADABLE_OR_MALFORMED_PUBLICATION","sequence_id":null,"source":"C:\\Users\\rp_fu\\AppData\\Roaming\\MetaQuotes\\Terminal\\Common\\Files\\RP_AI_EA\\shared\\XAUUSD\\market_state.json","status":"REJECTED","timestamp":"2026-07-28T04:16:21.770058Z"}
2026-07-28 04:16:21,820 INFO ENVIRONMENT_OBSERVATION {"digest":null,"observation_uuid":null,"reason":"UNREADABLE_OR_MALFORMED_PUBLICATION","sequence_id":null,"source":"C:\\Users\\rp_fu\\AppData\\Roaming\\MetaQuotes\\Terminal\\Common\\Files\\RP_AI_EA\\shared\\XAUUSD\\market_state.json","status":"REJECTED","timestamp":"2026-07-28T04:16:21.820626Z"}
2026-07-28 04:16:21,871 INFO ENVIRONMENT_OBSERVATION {"digest":null,"observation_uuid":null,"reason":"UNREADABLE_OR_MALFORMED_PUBLICATION","sequence_id":null,"source":"C:\\Users\\rp_fu\\AppData\\Roaming\\MetaQuotes\\Terminal\\Common\\Files\\RP_AI_EA\\shared\\XAUUSD\\market_state.json","status":"REJECTED","timestamp":"2026-07-28T04:16:21.871184Z"}
2026-07-28 04:16:21,921 INFO ENVIRONMENT_OBSERVATION {"digest":null,"observation_uuid":null,"reason":"UNREADABLE_OR_MALFORMED_PUBLICATION","sequence_id":null,"source":"C:\\Users\\rp_fu\\AppData\\Roaming\\MetaQuotes\\Terminal\\Common\\Files\\RP_AI_EA\\shared\\XAUUSD\\market_state.json","status":"REJECTED","timestamp":"2026-07-28T04:16:21.921861Z"}
2026-07-28 04:16:21,972 INFO ENVIRONMENT_OBSERVATION {"digest":null,"observation_uuid":null,"reason":"UNREADABLE_OR_MALFORMED_PUBLICATION","sequence_id":null,"source":"C:\\Users\\rp_fu\\AppData\\Roaming\\MetaQuotes\\Terminal\\Common\\Files\\RP_AI_EA\\shared\\XAUUSD\\market_state.json","status":"REJECTED","timestamp":"2026-07-28T04:16:21.972430Z"}
2026-07-28 04:16:22,023 INFO ENVIRONMENT_OBSERVATION {"digest":null,"observation_uuid":null,"reason":"UNREADABLE_OR_MALFORMED_PUBLICATION","sequence_id":null,"source":"C:\\Users\\rp_fu\\AppData\\Roaming\\MetaQuotes\\Terminal\\Common\\Files\\RP_AI_EA\\shared\\XAUUSD\\market_state.json","status":"REJECTED","timestamp":"2026-07-28T04:16:22.022961Z"}
2026-07-28 04:16:22,073 INFO ENVIRONMENT_OBSERVATION {"digest":null,"observation_uuid":null,"reason":"UNREADABLE_OR_MALFORMED_PUBLICATION","sequence_id":null,"source":"C:\\Users\\rp_fu\\AppData\\Roaming\\MetaQuotes\\Terminal\\Common\\Files\\RP_AI_EA\\shared\\XAUUSD\\market_state.json","status":"REJECTED","timestamp":"2026-07-28T04:16:22.073574Z"}
2026-07-28 04:16:22,124 INFO ENVIRONMENT_OBSERVATION {"digest":null,"observation_uuid":null,"reason":"UNREADABLE_OR_MALFORMED_PUBLICATION","sequence_id":null,"source":"C:\\Users\\rp_fu\\AppData\\Roaming\\MetaQuotes\\Terminal\\Common\\Files\\RP_AI_EA\\shared\\XAUUSD\\market_state.json","status":"REJECTED","timestamp":"2026-07-28T04:16:22.124135Z"}
2026-07-28 04:16:22,174 INFO ENVIRONMENT_OBSERVATION {"digest":null,"observation_uuid":null,"reason":"UNREADABLE_OR_MALFORMED_PUBLICATION","sequence_id":null,"source":"C:\\Users\\rp_fu\\AppData\\Roaming\\MetaQuotes\\Terminal\\Common\\Files\\RP_AI_EA\\shared\\XAUUSD\\market_state.json","status":"REJECTED","timestamp":"2026-07-28T04:16:22.174695Z"}
2026-07-28 04:16:22,225 INFO ENVIRONMENT_OBSERVATION {"digest":null,"observation_uuid":null,"reason":"UNREADABLE_OR_MALFORMED_PUBLICATION","sequence_id":null,"source":"C:\\Users\\rp_fu\\AppData\\Roaming\\MetaQuotes\\Terminal\\Common\\Files\\RP_AI_EA\\shared\\XAUUSD\\market_state.json","status":"REJECTED","timestamp":"2026-07-28T04:16:22.225225Z"}
2026-07-28 04:16:22,275 INFO ENVIRONMENT_OBSERVATION {"digest":null,"observation_uuid":null,"reason":"UNREADABLE_OR_MALFORMED_PUBLICATION","sequence_id":null,"source":"C:\\Users\\rp_fu\\AppData\\Roaming\\MetaQuotes\\Terminal\\Common\\Files\\RP_AI_EA\\shared\\XAUUSD\\market_state.json","status":"REJECTED","timestamp":"2026-07-28T04:16:22.275779Z"}
2026-07-28 04:16:22,326 INFO ENVIRONMENT_OBSERVATION {"digest":null,"observation_uuid":null,"reason":"UNREADABLE_OR_MALFORMED_PUBLICATION","sequence_id":null,"source":"C:\\Users\\rp_fu\\AppData\\Roaming\\MetaQuotes\\Terminal\\Common\\Files\\RP_AI_EA\\shared\\XAUUSD\\market_state.json","status":"REJECTED","timestamp":"2026-07-28T04:16:22.326297Z"}
2026-07-28 04:16:22,376 INFO ENVIRONMENT_OBSERVATION {"digest":null,"observation_uuid":null,"reason":"UNREADABLE_OR_MALFORMED_PUBLICATION","sequence_id":null,"source":"C:\\Users\\rp_fu\\AppData\\Roaming\\MetaQuotes\\Terminal\\Common\\Files\\RP_AI_EA\\shared\\XAUUSD\\market_state.json","status":"REJECTED","timestamp":"2026-07-28T04:16:22.376867Z"}
2026-07-28 04:16:22,427 INFO ENVIRONMENT_OBSERVATION {"digest":null,"observation_uuid":null,"reason":"UNREADABLE_OR_MALFORMED_PUBLICATION","sequence_id":null,"source":"C:\\Users\\rp_fu\\AppData\\Roaming\\MetaQuotes\\Terminal\\Common\\Files\\RP_AI_EA\\shared\\XAUUSD\\market_state.json","status":"REJECTED","timestamp":"2026-07-28T04:16:22.427447Z"}
2026-07-28 04:16:22,478 INFO ENVIRONMENT_OBSERVATION {"digest":null,"observation_uuid":null,"reason":"UNREADABLE_OR_MALFORMED_PUBLICATION","sequence_id":null,"source":"C:\\Users\\rp_fu\\AppData\\Roaming\\MetaQuotes\\Terminal\\Common\\Files\\RP_AI_EA\\shared\\XAUUSD\\market_state.json","status":"REJECTED","timestamp":"2026-07-28T04:16:22.478110Z"}
2026-07-28 04:16:22,528 INFO ENVIRONMENT_OBSERVATION {"digest":null,"observation_uuid":null,"reason":"UNREADABLE_OR_MALFORMED_PUBLICATION","sequence_id":null,"source":"C:\\Users\\rp_fu\\AppData\\Roaming\\MetaQuotes\\Terminal\\Common\\Files\\RP_AI_EA\\shared\\XAUUSD\\market_state.json","status":"REJECTED","timestamp":"2026-07-28T04:16:22.528718Z"}
2026-07-28 04:16:22,579 INFO ENVIRONMENT_OBSERVATION {"digest":null,"observation_uuid":null,"reason":"UNREADABLE_OR_MALFORMED_PUBLICATION","sequence_id":null,"source":"C:\\Users\\rp_fu\\AppData\\Roaming\\MetaQuotes\\Terminal\\Common\\Files\\RP_AI_EA\\shared\\XAUUSD\\market_state.json","status":"REJECTED","timestamp":"2026-07-28T04:16:22.579250Z"}
2026-07-28 04:16:22,630 INFO ENVIRONMENT_OBSERVATION {"digest":null,"observation_uuid":null,"reason":"UNREADABLE_OR_MALFORMED_PUBLICATION","sequence_id":null,"source":"C:\\Users\\rp_fu\\AppData\\Roaming\\MetaQuotes\\Terminal\\Common\\Files\\RP_AI_EA\\shared\\XAUUSD\\market_state.json","status":"REJECTED","timestamp":"2026-07-28T04:16:22.630161Z"}
2026-07-28 04:16:22,680 INFO ENVIRONMENT_OBSERVATION {"digest":null,"observation_uuid":null,"reason":"UNREADABLE_OR_MALFORMED_PUBLICATION","sequence_id":null,"source":"C:\\Users\\rp_fu\\AppData\\Roaming\\MetaQuotes\\Terminal\\Common\\Files\\RP_AI_EA\\shared\\XAUUSD\\market_state.json","status":"REJECTED","timestamp":"2026-07-28T04:16:22.680716Z"}
2026-07-28 04:16:22,731 INFO ENVIRONMENT_OBSERVATION {"digest":null,"observation_uuid":null,"reason":"UNREADABLE_OR_MALFORMED_PUBLICATION","sequence_id":null,"source":"C:\\Users\\rp_fu\\AppData\\Roaming\\MetaQuotes\\Terminal\\Common\\Files\\RP_AI_EA\\shared\\XAUUSD\\market_state.json","status":"REJECTED","timestamp":"2026-07-28T04:16:22.731244Z"}
2026-07-28 04:16:22,782 INFO ENVIRONMENT_OBSERVATION {"digest":null,"observation_uuid":null,"reason":"UNREADABLE_OR_MALFORMED_PUBLICATION","sequence_id":null,"source":"C:\\Users\\rp_fu\\AppData\\Roaming\\MetaQuotes\\Terminal\\Common\\Files\\RP_AI_EA\\shared\\XAUUSD\\market_state.json","status":"REJECTED","timestamp":"2026-07-28T04:16:22.781919Z"}
2026-07-28 04:16:22,832 INFO ENVIRONMENT_OBSERVATION {"digest":null,"observation_uuid":null,"reason":"UNREADABLE_OR_MALFORMED_PUBLICATION","sequence_id":null,"source":"C:\\Users\\rp_fu\\AppData\\Roaming\\MetaQuotes\\Terminal\\Common\\Files\\RP_AI_EA\\shared\\XAUUSD\\market_state.json","status":"REJECTED","timestamp":"2026-07-28T04:16:22.832438Z"}
2026-07-28 04:16:22,883 INFO ENVIRONMENT_OBSERVATION {"digest":null,"observation_uuid":null,"reason":"UNREADABLE_OR_MALFORMED_PUBLICATION","sequence_id":null,"source":"C:\\Users\\rp_fu\\AppData\\Roaming\\MetaQuotes\\Terminal\\Common\\Files\\RP_AI_EA\\shared\\XAUUSD\\market_state.json","status":"REJECTED","timestamp":"2026-07-28T04:16:22.882931Z"}
2026-07-28 04:16:22,933 INFO ENVIRONMENT_OBSERVATION {"digest":null,"observation_uuid":null,"reason":"UNREADABLE_OR_MALFORMED_PUBLICATION","sequence_id":null,"source":"C:\\Users\\rp_fu\\AppData\\Roaming\\MetaQuotes\\Terminal\\Common\\Files\\RP_AI_EA\\shared\\XAUUSD\\market_state.json","status":"REJECTED","timestamp":"2026-07-28T04:16:22.933502Z"}
2026-07-28 04:16:22,984 INFO ENVIRONMENT_OBSERVATION {"digest":null,"observation_uuid":null,"reason":"UNREADABLE_OR_MALFORMED_PUBLICATION","sequence_id":null,"source":"C:\\Users\\rp_fu\\AppData\\Roaming\\MetaQuotes\\Terminal\\Common\\Files\\RP_AI_EA\\shared\\XAUUSD\\market_state.json","status":"REJECTED","timestamp":"2026-07-28T04:16:22.984046Z"}
2026-07-28 04:16:23,034 INFO ENVIRONMENT_OBSERVATION {"digest":null,"observation_uuid":null,"reason":"UNREADABLE_OR_MALFORMED_PUBLICATION","sequence_id":null,"source":"C:\\Users\\rp_fu\\AppData\\Roaming\\MetaQuotes\\Terminal\\Common\\Files\\RP_AI_EA\\shared\\XAUUSD\\market_state.json","status":"REJECTED","timestamp":"2026-07-28T04:16:23.034640Z"}
2026-07-28 04:16:23,085 INFO ENVIRONMENT_OBSERVATION {"digest":null,"observation_uuid":null,"reason":"UNREADABLE_OR_MALFORMED_PUBLICATION","sequence_id":null,"source":"C:\\Users\\rp_fu\\AppData\\Roaming\\MetaQuotes\\Terminal\\Common\\Files\\RP_AI_EA\\shared\\XAUUSD\\market_state.json","status":"REJECTED","timestamp":"2026-07-28T04:16:23.085242Z"}
2026-07-28 04:16:23,135 INFO ENVIRONMENT_OBSERVATION {"digest":null,"observation_uuid":null,"reason":"UNREADABLE_OR_MALFORMED_PUBLICATION","sequence_id":null,"source":"C:\\Users\\rp_fu\\AppData\\Roaming\\MetaQuotes\\Terminal\\Common\\Files\\RP_AI_EA\\shared\\XAUUSD\\market_state.json","status":"REJECTED","timestamp":"2026-07-28T04:16:23.135740Z"}
2026-07-28 04:16:23,186 INFO ENVIRONMENT_OBSERVATION {"digest":null,"observation_uuid":null,"reason":"UNREADABLE_OR_MALFORMED_PUBLICATION","sequence_id":null,"source":"C:\\Users\\rp_fu\\AppData\\Roaming\\MetaQuotes\\Terminal\\Common\\Files\\RP_AI_EA\\shared\\XAUUSD\\market_state.json","status":"REJECTED","timestamp":"2026-07-28T04:16:23.186266Z"}
2026-07-28 04:16:23,236 INFO ENVIRONMENT_OBSERVATION {"digest":null,"observation_uuid":null,"reason":"UNREADABLE_OR_MALFORMED_PUBLICATION","sequence_id":null,"source":"C:\\Users\\rp_fu\\AppData\\Roaming\\MetaQuotes\\Terminal\\Common\\Files\\RP_AI_EA\\shared\\XAUUSD\\market_state.json","status":"REJECTED","timestamp":"2026-07-28T04:16:23.236826Z"}
2026-07-28 04:16:23,287 INFO ENVIRONMENT_OBSERVATION {"digest":null,"observation_uuid":null,"reason":"UNREADABLE_OR_MALFORMED_PUBLICATION","sequence_id":null,"source":"C:\\Users\\rp_fu\\AppData\\Roaming\\MetaQuotes\\Terminal\\Common\\Files\\RP_AI_EA\\shared\\XAUUSD\\market_state.json","status":"REJECTED","timestamp":"2026-07-28T04:16:23.287312Z"}
2026-07-28 04:16:23,338 INFO ENVIRONMENT_OBSERVATION {"digest":null,"observation_uuid":null,"reason":"UNREADABLE_OR_MALFORMED_PUBLICATION","sequence_id":null,"source":"C:\\Users\\rp_fu\\AppData\\Roaming\\MetaQuotes\\Terminal\\Common\\Files\\RP_AI_EA\\shared\\XAUUSD\\market_state.json","status":"REJECTED","timestamp":"2026-07-28T04:16:23.337977Z"}
2026-07-28 04:16:23,388 INFO ENVIRONMENT_OBSERVATION {"digest":null,"observation_uuid":null,"reason":"UNREADABLE_OR_MALFORMED_PUBLICATION","sequence_id":null,"source":"C:\\Users\\rp_fu\\AppData\\Roaming\\MetaQuotes\\Terminal\\Common\\Files\\RP_AI_EA\\shared\\XAUUSD\\market_state.json","status":"REJECTED","timestamp":"2026-07-28T04:16:23.388515Z"}
2026-07-28 04:16:23,439 INFO ENVIRONMENT_OBSERVATION {"digest":null,"observation_uuid":null,"reason":"UNREADABLE_OR_MALFORMED_PUBLICATION","sequence_id":null,"source":"C:\\Users\\rp_fu\\AppData\\Roaming\\MetaQuotes\\Terminal\\Common\\Files\\RP_AI_EA\\shared\\XAUUSD\\market_state.json","status":"REJECTED","timestamp":"2026-07-28T04:16:23.439155Z"}
2026-07-28 04:16:23,489 INFO ENVIRONMENT_OBSERVATION {"digest":null,"observation_uuid":null,"reason":"UNREADABLE_OR_MALFORMED_PUBLICATION","sequence_id":null,"source":"C:\\Users\\rp_fu\\AppData\\Roaming\\MetaQuotes\\Terminal\\Common\\Files\\RP_AI_EA\\shared\\XAUUSD\\market_state.json","status":"REJECTED","timestamp":"2026-07-28T04:16:23.489746Z"}
2026-07-28 04:16:23,540 INFO ENVIRONMENT_OBSERVATION {"digest":null,"observation_uuid":null,"reason":"UNREADABLE_OR_MALFORMED_PUBLICATION","sequence_id":null,"source":"C:\\Users\\rp_fu\\AppData\\Roaming\\MetaQuotes\\Terminal\\Common\\Files\\RP_AI_EA\\shared\\XAUUSD\\market_state.json","status":"REJECTED","timestamp":"2026-07-28T04:16:23.540327Z"}
2026-07-28 04:16:23,590 INFO ENVIRONMENT_OBSERVATION {"digest":null,"observation_uuid":null,"reason":"UNREADABLE_OR_MALFORMED_PUBLICATION","sequence_id":null,"source":"C:\\Users\\rp_fu\\AppData\\Roaming\\MetaQuotes\\Terminal\\Common\\Files\\RP_AI_EA\\shared\\XAUUSD\\market_state.json","status":"REJECTED","timestamp":"2026-07-28T04:16:23.590845Z"}
2026-07-28 04:16:23,641 INFO ENVIRONMENT_OBSERVATION {"digest":null,"observation_uuid":null,"reason":"UNREADABLE_OR_MALFORMED_PUBLICATION","sequence_id":null,"source":"C:\\Users\\rp_fu\\AppData\\Roaming\\MetaQuotes\\Terminal\\Common\\Files\\RP_AI_EA\\shared\\XAUUSD\\market_state.json","status":"REJECTED","timestamp":"2026-07-28T04:16:23.641481Z"}
2026-07-28 04:16:23,692 INFO ENVIRONMENT_OBSERVATION {"digest":null,"observation_uuid":null,"reason":"UNREADABLE_OR_MALFORMED_PUBLICATION","sequence_id":null,"source":"C:\\Users\\rp_fu\\AppData\\Roaming\\MetaQuotes\\Terminal\\Common\\Files\\RP_AI_EA\\shared\\XAUUSD\\market_state.json","status":"REJECTED","timestamp":"2026-07-28T04:16:23.692014Z"}
2026-07-28 04:16:23,742 INFO ENVIRONMENT_OBSERVATION {"digest":null,"observation_uuid":null,"reason":"UNREADABLE_OR_MALFORMED_PUBLICATION","sequence_id":null,"source":"C:\\Users\\rp_fu\\AppData\\Roaming\\MetaQuotes\\Terminal\\Common\\Files\\RP_AI_EA\\shared\\XAUUSD\\market_state.json","status":"REJECTED","timestamp":"2026-07-28T04:16:23.742508Z"}
2026-07-28 04:16:23,793 INFO ENVIRONMENT_OBSERVATION {"digest":null,"observation_uuid":null,"reason":"UNREADABLE_OR_MALFORMED_PUBLICATION","sequence_id":null,"source":"C:\\Users\\rp_fu\\AppData\\Roaming\\MetaQuotes\\Terminal\\Common\\Files\\RP_AI_EA\\shared\\XAUUSD\\market_state.json","status":"REJECTED","timestamp":"2026-07-28T04:16:23.793033Z"}
2026-07-28 04:16:23,843 INFO ENVIRONMENT_OBSERVATION {"digest":null,"observation_uuid":null,"reason":"UNREADABLE_OR_MALFORMED_PUBLICATION","sequence_id":null,"source":"C:\\Users\\rp_fu\\AppData\\Roaming\\MetaQuotes\\Terminal\\Common\\Files\\RP_AI_EA\\shared\\XAUUSD\\market_state.json","status":"REJECTED","timestamp":"2026-07-28T04:16:23.843566Z"}
2026-07-28 04:16:23,894 INFO ENVIRONMENT_OBSERVATION {"digest":null,"observation_uuid":null,"reason":"UNREADABLE_OR_MALFORMED_PUBLICATION","sequence_id":null,"source":"C:\\Users\\rp_fu\\AppData\\Roaming\\MetaQuotes\\Terminal\\Common\\Files\\RP_AI_EA\\shared\\XAUUSD\\market_state.json","status":"REJECTED","timestamp":"2026-07-28T04:16:23.894098Z"}
2026-07-28 04:16:23,935 INFO ENVIRONMENT_OBSERVATION {"digest":null,"observation_uuid":null,"reason":"UNREADABLE_OR_MALFORMED_PUBLICATION","sequence_id":null,"source":"C:\\Users\\rp_fu\\AppData\\Roaming\\MetaQuotes\\Terminal\\Common\\Files\\RP_AI_EA\\shared\\XAUUSD\\market_state.json","status":"REJECTED","timestamp":"2026-07-28T04:16:23.935731Z"}
2026-07-28 04:16:23,936 INFO ENVIRONMENT_OBSERVATION {"digest":null,"observation_uuid":null,"reason":"INSUFFICIENT_UNIQUE_ENVIRONMENT_OBSERVATIONS","sequence_id":null,"source":"C:\\Users\\rp_fu\\AppData\\Roaming\\MetaQuotes\\Terminal\\Common\\Files\\RP_AI_EA\\shared\\XAUUSD\\market_state.json","status":"REJECTED","timestamp":"2026-07-28T04:16:23.935991Z"}
Traceback (most recent call last):
  File "/workspace/rp-ai-ea/runtime/production_startup.py", line 272, in main
    ).collect()
      ~~~~~~~^^
  File "/workspace/rp-ai-ea/runtime/environment_observation.py", line 269, in collect
    raise EnvironmentObservationError("INSUFFICIENT_UNIQUE_ENVIRONMENT_OBSERVATIONS")
runtime.environment_observation.EnvironmentObservationError: INSUFFICIENT_UNIQUE_ENVIRONMENT_OBSERVATIONS

The above exception was the direct cause of the following exception:

Traceback (most recent call last):
  File "<frozen runpy>", line 198, in _run_module_as_main
  File "<frozen runpy>", line 88, in _run_code
  File "/workspace/rp-ai-ea/runtime/production_startup.py", line 290, in <module>
    main()
    ~~~~^^
  File "/workspace/rp-ai-ea/runtime/production_startup.py", line 274, in main
    raise ProductionStartupError(str(exc)) from exc
ProductionStartupError: INSUFFICIENT_UNIQUE_ENVIRONMENT_OBSERVATIONS
EXIT_CODE=1
FINISHED_AT=2026-07-28T04:16:23Z
